Archive member included to satisfy reference by file (symbol)

c:/users/baothuan/stm32cubeide_1.12.1/stm32cubeide/plugins/com.st.stm32cube.ide.mcu.externaltools.gnu-tools-for-stm32.10.3-2021.10.win32_1.0.200.202301161003/tools/bin/../lib/gcc/arm-none-eabi/10.3.1/../../../../arm-none-eabi/lib/thumb/v7-m/nofp\libc_nano.a(lib_a-errno.o)
                              ./Core/Src/syscalls.o (__errno)
c:/users/baothuan/stm32cubeide_1.12.1/stm32cubeide/plugins/com.st.stm32cube.ide.mcu.externaltools.gnu-tools-for-stm32.10.3-2021.10.win32_1.0.200.202301161003/tools/bin/../lib/gcc/arm-none-eabi/10.3.1/../../../../arm-none-eabi/lib/thumb/v7-m/nofp\libc_nano.a(lib_a-exit.o)
                              c:/users/baothuan/stm32cubeide_1.12.1/stm32cubeide/plugins/com.st.stm32cube.ide.mcu.externaltools.gnu-tools-for-stm32.10.3-2021.10.win32_1.0.200.202301161003/tools/bin/../lib/gcc/arm-none-eabi/10.3.1/../../../../arm-none-eabi/lib/thumb/v7-m/nofp/crt0.o (exit)
c:/users/baothuan/stm32cubeide_1.12.1/stm32cubeide/plugins/com.st.stm32cube.ide.mcu.externaltools.gnu-tools-for-stm32.10.3-2021.10.win32_1.0.200.202301161003/tools/bin/../lib/gcc/arm-none-eabi/10.3.1/../../../../arm-none-eabi/lib/thumb/v7-m/nofp\libc_nano.a(lib_a-impure.o)
                              c:/users/baothuan/stm32cubeide_1.12.1/stm32cubeide/plugins/com.st.stm32cube.ide.mcu.externaltools.gnu-tools-for-stm32.10.3-2021.10.win32_1.0.200.202301161003/tools/bin/../lib/gcc/arm-none-eabi/10.3.1/../../../../arm-none-eabi/lib/thumb/v7-m/nofp\libc_nano.a(lib_a-exit.o) (_global_impure_ptr)
c:/users/baothuan/stm32cubeide_1.12.1/stm32cubeide/plugins/com.st.stm32cube.ide.mcu.externaltools.gnu-tools-for-stm32.10.3-2021.10.win32_1.0.200.202301161003/tools/bin/../lib/gcc/arm-none-eabi/10.3.1/../../../../arm-none-eabi/lib/thumb/v7-m/nofp\libc_nano.a(lib_a-init.o)
                              c:/users/baothuan/stm32cubeide_1.12.1/stm32cubeide/plugins/com.st.stm32cube.ide.mcu.externaltools.gnu-tools-for-stm32.10.3-2021.10.win32_1.0.200.202301161003/tools/bin/../lib/gcc/arm-none-eabi/10.3.1/../../../../arm-none-eabi/lib/thumb/v7-m/nofp/crt0.o (__libc_init_array)
c:/users/baothuan/stm32cubeide_1.12.1/stm32cubeide/plugins/com.st.stm32cube.ide.mcu.externaltools.gnu-tools-for-stm32.10.3-2021.10.win32_1.0.200.202301161003/tools/bin/../lib/gcc/arm-none-eabi/10.3.1/../../../../arm-none-eabi/lib/thumb/v7-m/nofp\libc_nano.a(lib_a-memcpy-stub.o)
                              ./application/lib_uart.o (memcpy)
c:/users/baothuan/stm32cubeide_1.12.1/stm32cubeide/plugins/com.st.stm32cube.ide.mcu.externaltools.gnu-tools-for-stm32.10.3-2021.10.win32_1.0.200.202301161003/tools/bin/../lib/gcc/arm-none-eabi/10.3.1/../../../../arm-none-eabi/lib/thumb/v7-m/nofp\libc_nano.a(lib_a-memset.o)
                              c:/users/baothuan/stm32cubeide_1.12.1/stm32cubeide/plugins/com.st.stm32cube.ide.mcu.externaltools.gnu-tools-for-stm32.10.3-2021.10.win32_1.0.200.202301161003/tools/bin/../lib/gcc/arm-none-eabi/10.3.1/../../../../arm-none-eabi/lib/thumb/v7-m/nofp/crt0.o (memset)
c:/users/baothuan/stm32cubeide_1.12.1/stm32cubeide/plugins/com.st.stm32cube.ide.mcu.externaltools.gnu-tools-for-stm32.10.3-2021.10.win32_1.0.200.202301161003/tools/bin/../lib/gcc/arm-none-eabi/10.3.1/../../../../arm-none-eabi/lib/thumb/v7-m/nofp\libc_nano.a(lib_a-nano-vfprintf_float.o)
                              (_printf_float)
c:/users/baothuan/stm32cubeide_1.12.1/stm32cubeide/plugins/com.st.stm32cube.ide.mcu.externaltools.gnu-tools-for-stm32.10.3-2021.10.win32_1.0.200.202301161003/tools/bin/../lib/gcc/arm-none-eabi/10.3.1/../../../../arm-none-eabi/lib/thumb/v7-m/nofp\libc_nano.a(lib_a-nano-vfprintf_i.o)
                              c:/users/baothuan/stm32cubeide_1.12.1/stm32cubeide/plugins/com.st.stm32cube.ide.mcu.externaltools.gnu-tools-for-stm32.10.3-2021.10.win32_1.0.200.202301161003/tools/bin/../lib/gcc/arm-none-eabi/10.3.1/../../../../arm-none-eabi/lib/thumb/v7-m/nofp\libc_nano.a(lib_a-nano-vfprintf_float.o) (_printf_common)
c:/users/baothuan/stm32cubeide_1.12.1/stm32cubeide/plugins/com.st.stm32cube.ide.mcu.externaltools.gnu-tools-for-stm32.10.3-2021.10.win32_1.0.200.202301161003/tools/bin/../lib/gcc/arm-none-eabi/10.3.1/../../../../arm-none-eabi/lib/thumb/v7-m/nofp\libc_nano.a(lib_a-sprintf.o)
                              ./application/lib_uart.o (sprintf)
c:/users/baothuan/stm32cubeide_1.12.1/stm32cubeide/plugins/com.st.stm32cube.ide.mcu.externaltools.gnu-tools-for-stm32.10.3-2021.10.win32_1.0.200.202301161003/tools/bin/../lib/gcc/arm-none-eabi/10.3.1/../../../../arm-none-eabi/lib/thumb/v7-m/nofp\libc_nano.a(lib_a-strlen.o)
                              c:/users/baothuan/stm32cubeide_1.12.1/stm32cubeide/plugins/com.st.stm32cube.ide.mcu.externaltools.gnu-tools-for-stm32.10.3-2021.10.win32_1.0.200.202301161003/tools/bin/../lib/gcc/arm-none-eabi/10.3.1/../../../../arm-none-eabi/lib/thumb/v7-m/nofp\libc_nano.a(lib_a-nano-vfprintf_float.o) (strlen)
[...]
Memory Configuration

Name             Origin             Length             Attributes
RAM              0x0000000020000000 0x0000000000005000 xrw
FLASH            0x0000000008000000 0x0000000000010000 xr
*default*        0x0000000000000000 0xffffffffffffffff

Linker script and memory map

LOAD c:/users/baothuan/stm32cubeide_1.12.1/stm32cubeide/plugins/com.st.stm32cube.ide.mcu.externaltools.gnu-tools-for-stm32.10.3-2021.10.win32_1.0.200.202301161003/tools/bin/../lib/gcc/arm-none-eabi/10.3.1/thumb/v7-m/nofp/crti.o
LOAD c:/users/baothuan/stm32cubeide_1.12.1/stm32cubeide/plugins/com.st.stm32cube.ide.mcu.externaltools.gnu-tools-for-stm32.10.3-2021.10.win32_1.0.200.202301161003/tools/bin/../lib/gcc/arm-none-eabi/10.3.1/thumb/v7-m/nofp/crtbegin.o
LOAD c:/users/baothuan/stm32cubeide_1.12.1/stm32cubeide/plugins/com.st.stm32cube.ide.mcu.externaltools.gnu-tools-for-stm32.10.3-2021.10.win32_1.0.200.202301161003/tools/bin/../lib/gcc/arm-none-eabi/10.3.1/../../../../arm-none-eabi/lib/thumb/v7-m/nofp/crt0.o
LOAD ./Core/Src/main.o
LOAD ./Core/Src/stm32f1xx_hal_msp.o
LOAD ./Core/Src/stm32f1xx_it.o
LOAD ./Core/Src/syscalls.o
LOAD ./Core/Src/sysmem.o
LOAD ./Core/Src/system_stm32f1xx.o
LOAD ./Core/Startup/startup_stm32f103c8tx.o
LOAD ./Drivers/STM32F1xx_HAL_Driver/Src/stm32f1xx_hal.o
LOAD ./Drivers/STM32F1xx_HAL_Driver/Src/stm32f1xx_hal_adc.o
LOAD ./Drivers/STM32F1xx_HAL_Driver/Src/stm32f1xx_hal_adc_ex.o
LOAD ./Drivers/STM32F1xx_HAL_Driver/Src/stm32f1xx_hal_cortex.o
LOAD ./Drivers/STM32F1xx_HAL_Driver/Src/stm32f1xx_hal_dma.o
LOAD ./Drivers/STM32F1xx_HAL_Driver/Src/stm32f1xx_hal_exti.o
LOAD ./Drivers/STM32F1xx_HAL_Driver/Src/stm32f1xx_hal_flash.o
LOAD ./Drivers/STM32F1xx_HAL_Driver/Src/stm32f1xx_hal_flash_ex.o
LOAD ./Drivers/STM32F1xx_HAL_Driver/Src/stm32f1xx_hal_gpio.o
LOAD ./Drivers/STM32F1xx_HAL_Driver/Src/stm32f1xx_hal_gpio_ex.o
LOAD ./Drivers/STM32F1xx_HAL_Driver/Src/stm32f1xx_hal_pwr.o
LOAD ./Drivers/STM32F1xx_HAL_Driver/Src/stm32f1xx_hal_rcc.o
LOAD ./Drivers/STM32F1xx_HAL_Driver/Src/stm32f1xx_hal_rcc_ex.o
LOAD ./Drivers/STM32F1xx_HAL_Driver/Src/stm32f1xx_hal_tim.o
LOAD ./Drivers/STM32F1xx_HAL_Driver/Src/stm32f1xx_hal_tim_ex.o
LOAD ./Drivers/STM32F1xx_HAL_Driver/Src/stm32f1xx_hal_uart.o
LOAD ./application/HC_SR04.o
LOAD ./application/Lib_Controller.o
LOAD ./application/Lib_Sensor.o
LOAD ./application/lib_motor.o
LOAD ./application/lib_uart.o
START GROUP
LOAD c:/users/baothuan/stm32cubeide_1.12.1/stm32cubeide/plugins/com.st.stm32cube.ide.mcu.externaltools.gnu-tools-for-stm32.10.3-2021.10.win32_1.0.200.202301161003/tools/bin/../lib/gcc/arm-none-eabi/10.3.1/../../../../arm-none-eabi/lib/thumb/v7-m/nofp\libc_nano.a
LOAD c:/users/baothuan/stm32cubeide_1.12.1/stm32cubeide/plugins/com.st.stm32cube.ide.mcu.externaltools.gnu-tools-for-stm32.10.3-2021.10.win32_1.0.200.202301161003/tools/bin/../lib/gcc/arm-none-eabi/10.3.1/../../../../arm-none-eabi/lib/thumb/v7-m/nofp\libm.a
END GROUP
START GROUP
LOAD c:/users/baothuan/stm32cubeide_1.12.1/stm32cubeide/plugins/com.st.stm32cube.ide.mcu.externaltools.gnu-tools-for-stm32.10.3-2021.10.win32_1.0.200.202301161003/tools/bin/../lib/gcc/arm-none-eabi/10.3.1/thumb/v7-m/nofp\libgcc.a
LOAD c:/users/baothuan/stm32cubeide_1.12.1/stm32cubeide/plugins/com.st.stm32cube.ide.mcu.externaltools.gnu-tools-for-stm32.10.3-2021.10.win32_1.0.200.202301161003/tools/bin/../lib/gcc/arm-none-eabi/10.3.1/../../../../arm-none-eabi/lib/thumb/v7-m/nofp\libc_nano.a
END GROUP
START GROUP
LOAD c:/users/baothuan/stm32cubeide_1.12.1/stm32cubeide/plugins/com.st.stm32cube.ide.mcu.externaltools.gnu-tools-for-stm32.10.3-2021.10.win32_1.0.200.202301161003/tools/bin/../lib/gcc/arm-none-eabi/10.3.1/thumb/v7-m/nofp\libgcc.a
LOAD c:/users/baothuan/stm32cubeide_1.12.1/stm32cubeide/plugins/com.st.stm32cube.ide.mcu.externaltools.gnu-tools-for-stm32.10.3-2021.10.win32_1.0.200.202301161003/tools/bin/../lib/gcc/arm-none-eabi/10.3.1/../../../../arm-none-eabi/lib/thumb/v7-m/nofp\libc_nano.a
LOAD c:/users/baothuan/stm32cubeide_1.12.1/stm32cubeide/plugins/com.st.stm32cube.ide.mcu.externaltools.gnu-tools-for-stm32.10.3-2021.10.win32_1.0.200.202301161003/tools/bin/../lib/gcc/arm-none-eabi/10.3.1/../../../../arm-none-eabi/lib/thumb/v7-m/nofp\libnosys.a
END GROUP
START GROUP
LOAD c:/users/baothuan/stm32cubeide_1.12.1/stm32cubeide/plugins/com.st.stm32cube.ide.mcu.externaltools.gnu-tools-for-stm32.10.3-2021.10.win32_1.0.200.202301161003/tools/bin/../lib/gcc/arm-none-eabi/10.3.1/thumb/v7-m/nofp\libgcc.a
LOAD c:/users/baothuan/stm32cubeide_1.12.1/stm32cubeide/plugins/com.st.stm32cube.ide.mcu.externaltools.gnu-tools-for-stm32.10.3-2021.10.win32_1.0.200.202301161003/tools/bin/../lib/gcc/arm-none-eabi/10.3.1/../../../../arm-none-eabi/lib/thumb/v7-m/nofp\libc_nano.a
LOAD c:/users/baothuan/stm32cubeide_1.12.1/stm32cubeide/plugins/com.st.stm32cube.ide.mcu.externaltools.gnu-tools-for-stm32.10.3-2021.10.win32_1.0.200.202301161003/tools/bin/../lib/gcc/arm-none-eabi/10.3.1/../../../../arm-none-eabi/lib/thumb/v7-m/nofp\libnosys.a
END GROUP
LOAD c:/users/baothuan/stm32cubeide_1.12.1/stm32cubeide/plugins/com.st.stm32cube.ide.mcu.externaltools.gnu-tools-for-stm32.10.3-2021.10.win32_1.0.200.202301161003/tools/bin/../lib/gcc/arm-none-eabi/10.3.1/thumb/v7-m/nofp/crtend.o
LOAD c:/users/baothuan/stm32cubeide_1.12.1/stm32cubeide/plugins/com.st.stm32cube.ide.mcu.externaltools.gnu-tools-for-stm32.10.3-2021.10.win32_1.0.200.202301161003/tools/bin/../lib/gcc/arm-none-eabi/10.3.1/thumb/v7-m/nofp/crtn.o
                0x0000000020005000                _estack = (ORIGIN (RAM) + LENGTH (RAM))
                0x0000000000000200                _Min_Heap_Size = 0x200
                0x0000000000000400                _Min_Stack_Size = 0x400

.isr_vector     0x0000000008000000      0x10c
                0x0000000008000000                . = ALIGN (0x4)
 *(.isr_vector)
 .isr_vector    0x0000000008000000      0x10c ./Core/Startup/startup_stm32f103c8tx.o
                0x0000000008000000                g_pfnVectors
                0x000000000800010c                . = ALIGN (0x4)

.text           0x0000000008000110     0xa0e8
                0x0000000008000110                . = ALIGN (0x4)
 *(.text)
 .text          0x0000000008000110       0x40 c:/users/baothuan/stm32cubeide_1.12.1/stm32cubeide/plugins/com.st.stm32cube.ide.mcu.externaltools.gnu-tools-for-stm32.10.3-2021.10.win32_1.0.200.202301161003/tools/bin/../lib/gcc/arm-none-eabi/10.3.1/thumb/v7-m/nofp/crtbegin.o
 .text          0x0000000008000150       0x10 c:/users/baothuan/stm32cubeide_1.12.1/stm32cubeide/plugins/com.st.stm32cube.ide.mcu.externaltools.gnu-tools-for-stm32.10.3-2021.10.win32_1.0.200.202301161003/tools/bin/../lib/gcc/arm-none-eabi/10.3.1/../../../../arm-none-eabi/lib/thumb/v7-m/nofp\libc_nano.a(lib_a-strlen.o)
                0x0000000008000150                strlen
 .text          0x0000000008000160      0x378 c:/users/baothuan/stm32cubeide_1.12.1/stm32cubeide/plugins/com.st.stm32cube.ide.mcu.externaltools.gnu-tools-for-stm32.10.3-2021.10.win32_1.0.200.202301161003/tools/bin/../lib/gcc/arm-none-eabi/10.3.1/thumb/v7-m/nofp\libgcc.a(_arm_addsubdf3.o)
                0x0000000008000160                __aeabi_drsub
                0x0000000008000168                __aeabi_dsub
                0x0000000008000168                __subdf3
                0x000000000800016c                __aeabi_dadd
                0x000000000800016c                __adddf3
                0x00000000080003e4                __floatunsidf
                0x00000000080003e4                __aeabi_ui2d
                0x0000000008000404                __floatsidf
                0x0000000008000404                __aeabi_i2d
                0x0000000008000428                __aeabi_f2d
                0x0000000008000428                __extendsfdf2
                0x000000000800046c                __floatundidf
                0x000000000800046c                __aeabi_ul2d
                0x000000000800047c                __floatdidf
                0x000000000800047c                __aeabi_l2d
 .text          0x00000000080004d8      0x424 c:/users/baothuan/stm32cubeide_1.12.1/stm32cubeide/plugins/com.st.stm32cube.ide.mcu.externaltools.gnu-tools-for-stm32.10.3-2021.10.win32_1.0.200.202301161003/tools/bin/../lib/gcc/arm-none-eabi/10.3.1/thumb/v7-m/nofp\libgcc.a(_arm_muldivdf3.o)
                0x00000000080004d8                __aeabi_dmul
                0x00000000080004d8                __muldf3
                0x000000000800072c                __divdf3
                0x000000000800072c                __aeabi_ddiv
 .text          0x00000000080008fc      0x110 c:/users/baothuan/stm32cubeide_1.12.1/stm32cubeide/plugins/com.st.stm32cube.ide.mcu.externaltools.gnu-tools-for-stm32.10.3-2021.10.win32_1.0.200.202301161003/tools/bin/../lib/gcc/arm-none-eabi/10.3.1/thumb/v7-m/nofp\libgcc.a(_arm_cmpdf2.o)
                0x00000000080008fc                __gtdf2
                0x00000000080008fc                __gedf2
                0x0000000008000904                __ltdf2
                0x0000000008000904                __ledf2
                0x000000000800090c                __nedf2
                0x000000000800090c                __eqdf2
                0x000000000800090c                __cmpdf2
                0x0000000008000988                __aeabi_cdrcmple
                0x0000000008000998                __aeabi_cdcmpeq
                0x0000000008000998                __aeabi_cdcmple
                0x00000000080009a8                __aeabi_dcmpeq
                0x00000000080009bc                __aeabi_dcmplt
                0x00000000080009d0                __aeabi_dcmple
                0x00000000080009e4                __aeabi_dcmpge
                0x00000000080009f8                __aeabi_dcmpgt
 .text          0x0000000008000a0c       0x2c c:/users/baothuan/stm32cubeide_1.12.1/stm32cubeide/plugins/com.st.stm32cube.ide.mcu.externaltools.gnu-tools-for-stm32.10.3-2021.10.win32_1.0.200.202301161003/tools/bin/../lib/gcc/arm-none-eabi/10.3.1/thumb/v7-m/nofp\libgcc.a(_arm_unorddf2.o)
                0x0000000008000a0c                __unorddf2
                0x0000000008000a0c                __aeabi_dcmpun
 .text          0x0000000008000a38       0x50 c:/users/baothuan/stm32cubeide_1.12.1/stm32cubeide/plugins/com.st.stm32cube.ide.mcu.externaltools.gnu-tools-for-stm32.10.3-2021.10.win32_1.0.200.202301161003/tools/bin/../lib/gcc/arm-none-eabi/10.3.1/thumb/v7-m/nofp\libgcc.a(_arm_fixdfsi.o)
                0x0000000008000a38                __aeabi_d2iz
                0x0000000008000a38                __fixdfsi
 .text          0x0000000008000a88       0x40 c:/users/baothuan/stm32cubeide_1.12.1/stm32cubeide/plugins/com.st.stm32cube.ide.mcu.externaltools.gnu-tools-for-stm32.10.3-2021.10.win32_1.0.200.202301161003/tools/bin/../lib/gcc/arm-none-eabi/10.3.1/thumb/v7-m/nofp\libgcc.a(_arm_fixunsdfsi.o)
                0x0000000008000a88                __aeabi_d2uiz
                0x0000000008000a88                __fixunsdfsi
 .text          0x0000000008000ac8      0x21c c:/users/baothuan/stm32cubeide_1.12.1/stm32cubeide/plugins/com.st.stm32cube.ide.mcu.externaltools.gnu-tools-for-stm32.10.3-2021.10.win32_1.0.200.202301161003/tools/bin/../lib/gcc/arm-none-eabi/10.3.1/thumb/v7-m/nofp\libgcc.a(_arm_addsubsf3.o)
                0x0000000008000ac8                __aeabi_frsub
                0x0000000008000ad0                __subsf3
                0x0000000008000ad0                __aeabi_fsub
                0x0000000008000ad4                __aeabi_fadd
                0x0000000008000ad4                __addsf3
                0x0000000008000c34                __aeabi_ui2f
                0x0000000008000c34                __floatunsisf
                0x0000000008000c3c                __aeabi_i2f
                0x0000000008000c3c                __floatsisf
                0x0000000008000c58                __aeabi_ul2f
                0x0000000008000c58                __floatundisf
                0x0000000008000c68                __aeabi_l2f
                0x0000000008000c68                __floatdisf
 .text          0x0000000008000ce4      0x2a0 c:/users/baothuan/stm32cubeide_1.12.1/stm32cubeide/plugins/com.st.stm32cube.ide.mcu.externaltools.gnu-tools-for-stm32.10.3-2021.10.win32_1.0.200.202301161003/tools/bin/../lib/gcc/arm-none-eabi/10.3.1/thumb/v7-m/nofp\libgcc.a(_arm_muldivsf3.o)
                0x0000000008000ce4                __mulsf3
                0x0000000008000ce4                __aeabi_fmul
                0x0000000008000e4c                __aeabi_fdiv
                0x0000000008000e4c                __divsf3
 .text          0x0000000008000f84       0x4c c:/users/baothuan/stm32cubeide_1.12.1/stm32cubeide/plugins/com.st.stm32cube.ide.mcu.externaltools.gnu-tools-for-stm32.10.3-2021.10.win32_1.0.200.202301161003/tools/bin/../lib/gcc/arm-none-eabi/10.3.1/thumb/v7-m/nofp\libgcc.a(_arm_fixsfsi.o)
                0x0000000008000f84                __aeabi_f2iz
                0x0000000008000f84                __fixsfsi
 *(.text*)
 .text.HAL_UART_RxCpltCallback
                0x0000000008000fd0       0x9c ./Core/Src/main.o
                0x0000000008000fd0                HAL_UART_RxCpltCallback
 .text.HAL_TIM_PeriodElapsedCallback
                0x000000000800106c       0x7c ./Core/Src/main.o
                0x000000000800106c                HAL_TIM_PeriodElapsedCallback
 .text.main     0x00000000080010e8      0x158 ./Core/Src/main.o
                0x00000000080010e8                main
 .text.SystemClock_Config
                0x0000000008001240       0xb6 ./Core/Src/main.o
                0x0000000008001240                SystemClock_Config
 *fill*         0x00000000080012f6        0x2 
 .text.MX_ADC1_Init
                0x00000000080012f8       0x7c ./Core/Src/main.o
 .text.MX_TIM1_Init
                0x0000000008001374       0xe8 ./Core/Src/main.o
 .text.MX_TIM2_Init
                0x000000000800145c      0x100 ./Core/Src/main.o
 .text.MX_TIM4_Init
                0x000000000800155c       0x98 ./Core/Src/main.o
 .text.MX_USART3_UART_Init
                0x00000000080015f4       0x54 ./Core/Src/main.o
 .text.MX_GPIO_Init
                0x0000000008001648       0xc4 ./Core/Src/main.o
 .text.Error_Handler
                0x000000000800170c        0xa ./Core/Src/main.o
                0x000000000800170c                Error_Handler
 *fill*         0x0000000008001716        0x2 
 .text.HAL_MspInit
                0x0000000008001718       0x64 ./Core/Src/stm32f1xx_hal_msp.o
                0x0000000008001718                HAL_MspInit
 .text.HAL_ADC_MspInit
                0x000000000800177c       0x78 ./Core/Src/stm32f1xx_hal_msp.o
                0x000000000800177c                HAL_ADC_MspInit
 .text.HAL_TIM_Base_MspInit
                0x00000000080017f4       0xec ./Core/Src/stm32f1xx_hal_msp.o
                0x00000000080017f4                HAL_TIM_Base_MspInit
 .text.HAL_TIM_MspPostInit
                0x00000000080018e0       0xc0 ./Core/Src/stm32f1xx_hal_msp.o
                0x00000000080018e0                HAL_TIM_MspPostInit
 .text.HAL_UART_MspInit
                0x00000000080019a0       0xa8 ./Core/Src/stm32f1xx_hal_msp.o
                0x00000000080019a0                HAL_UART_MspInit
 .text.NMI_Handler
                0x0000000008001a48        0x6 ./Core/Src/stm32f1xx_it.o
                0x0000000008001a48                NMI_Handler
 .text.HardFault_Handler
                0x0000000008001a4e        0x6 ./Core/Src/stm32f1xx_it.o
                0x0000000008001a4e                HardFault_Handler
 .text.MemManage_Handler
                0x0000000008001a54        0x6 ./Core/Src/stm32f1xx_it.o
                0x0000000008001a54                MemManage_Handler
 .text.BusFault_Handler
                0x0000000008001a5a        0x6 ./Core/Src/stm32f1xx_it.o
                0x0000000008001a5a                BusFault_Handler
 .text.UsageFault_Handler
                0x0000000008001a60        0x6 ./Core/Src/stm32f1xx_it.o
                0x0000000008001a60                UsageFault_Handler
 .text.SVC_Handler
                0x0000000008001a66        0xc ./Core/Src/stm32f1xx_it.o
                0x0000000008001a66                SVC_Handler
 .text.DebugMon_Handler
                0x0000000008001a72        0xc ./Core/Src/stm32f1xx_it.o
                0x0000000008001a72                DebugMon_Handler
 .text.PendSV_Handler
                0x0000000008001a7e        0xc ./Core/Src/stm32f1xx_it.o
                0x0000000008001a7e                PendSV_Handler
 .text.SysTick_Handler
                0x0000000008001a8a        0xc ./Core/Src/stm32f1xx_it.o
                0x0000000008001a8a                SysTick_Handler
 *fill*         0x0000000008001a96        0x2 
 .text.TIM1_CC_IRQHandler
                0x0000000008001a98       0x14 ./Core/Src/stm32f1xx_it.o
                0x0000000008001a98                TIM1_CC_IRQHandler
 .text.TIM4_IRQHandler
                0x0000000008001aac       0x14 ./Core/Src/stm32f1xx_it.o
                0x0000000008001aac                TIM4_IRQHandler
 .text.USART3_IRQHandler
                0x0000000008001ac0       0x14 ./Core/Src/stm32f1xx_it.o
                0x0000000008001ac0                USART3_IRQHandler
 .text._getpid  0x0000000008001ad4        0xe ./Core/Src/syscalls.o
                0x0000000008001ad4                _getpid
 .text._kill    0x0000000008001ae2       0x20 ./Core/Src/syscalls.o
                0x0000000008001ae2                _kill
 .text._exit    0x0000000008001b02       0x14 ./Core/Src/syscalls.o
                0x0000000008001b02                _exit
 .text._read    0x0000000008001b16       0x3a ./Core/Src/syscalls.o
                0x0000000008001b16                _read
 .text._write   0x0000000008001b50       0x38 ./Core/Src/syscalls.o
                0x0000000008001b50                _write
 .text._close   0x0000000008001b88       0x16 ./Core/Src/syscalls.o
                0x0000000008001b88                _close
 .text._fstat   0x0000000008001b9e       0x1e ./Core/Src/syscalls.o
                0x0000000008001b9e                _fstat
 .text._isatty  0x0000000008001bbc       0x14 ./Core/Src/syscalls.o
                0x0000000008001bbc                _isatty
 .text._lseek   0x0000000008001bd0       0x18 ./Core/Src/syscalls.o
                0x0000000008001bd0                _lseek
 .text._sbrk    0x0000000008001be8       0x6c ./Core/Src/sysmem.o
                0x0000000008001be8                _sbrk
 .text.SystemInit
                0x0000000008001c54        0xc ./Core/Src/system_stm32f1xx.o
                0x0000000008001c54                SystemInit
 .text.Reset_Handler
                0x0000000008001c60       0x48 ./Core/Startup/startup_stm32f103c8tx.o
                0x0000000008001c60                Reset_Handler
 .text.Default_Handler
                0x0000000008001ca8        0x2 ./Core/Startup/startup_stm32f103c8tx.o
                0x0000000008001ca8                RTC_Alarm_IRQHandler
                0x0000000008001ca8                EXTI2_IRQHandler
                0x0000000008001ca8                PVD_IRQHandler
                0x0000000008001ca8                EXTI3_IRQHandler
                0x0000000008001ca8                EXTI0_IRQHandler
                0x0000000008001ca8                I2C2_EV_IRQHandler
                0x0000000008001ca8                ADC1_2_IRQHandler
                0x0000000008001ca8                SPI1_IRQHandler
                0x0000000008001ca8                TAMPER_IRQHandler
                0x0000000008001ca8                DMA1_Channel4_IRQHandler
                0x0000000008001ca8                RTC_IRQHandler
                0x0000000008001ca8                DMA1_Channel7_IRQHandler
                0x0000000008001ca8                CAN1_RX1_IRQHandler
                0x0000000008001ca8                I2C1_EV_IRQHandler
                0x0000000008001ca8                DMA1_Channel6_IRQHandler
                0x0000000008001ca8                TIM3_IRQHandler
                0x0000000008001ca8                RCC_IRQHandler
                0x0000000008001ca8                TIM1_TRG_COM_IRQHandler
                0x0000000008001ca8                DMA1_Channel1_IRQHandler
                0x0000000008001ca8                Default_Handler
                0x0000000008001ca8                EXTI15_10_IRQHandler
                0x0000000008001ca8                EXTI9_5_IRQHandler
                0x0000000008001ca8                SPI2_IRQHandler
                0x0000000008001ca8                DMA1_Channel5_IRQHandler
                0x0000000008001ca8                EXTI4_IRQHandler
                0x0000000008001ca8                USB_LP_CAN1_RX0_IRQHandler
                0x0000000008001ca8                USB_HP_CAN1_TX_IRQHandler
                0x0000000008001ca8                DMA1_Channel3_IRQHandler
                0x0000000008001ca8                TIM1_UP_IRQHandler
                0x0000000008001ca8                WWDG_IRQHandler
                0x0000000008001ca8                TIM2_IRQHandler
                0x0000000008001ca8                TIM1_BRK_IRQHandler
                0x0000000008001ca8                EXTI1_IRQHandler
                0x0000000008001ca8                USART2_IRQHandler
                0x0000000008001ca8                I2C2_ER_IRQHandler
                0x0000000008001ca8                DMA1_Channel2_IRQHandler
                0x0000000008001ca8                CAN1_SCE_IRQHandler
                0x0000000008001ca8                FLASH_IRQHandler
                0x0000000008001ca8                USART1_IRQHandler
                0x0000000008001ca8                I2C1_ER_IRQHandler
                0x0000000008001ca8                USBWakeUp_IRQHandler
 *fill*         0x0000000008001caa        0x2 
 .text.HAL_Init
                0x0000000008001cac       0x2c ./Drivers/STM32F1xx_HAL_Driver/Src/stm32f1xx_hal.o
                0x0000000008001cac                HAL_Init
 .text.HAL_InitTick
                0x0000000008001cd8       0x60 ./Drivers/STM32F1xx_HAL_Driver/Src/stm32f1xx_hal.o
                0x0000000008001cd8                HAL_InitTick
 .text.HAL_IncTick
                0x0000000008001d38       0x24 ./Drivers/STM32F1xx_HAL_Driver/Src/stm32f1xx_hal.o
                0x0000000008001d38                HAL_IncTick
 .text.HAL_GetTick
                0x0000000008001d5c       0x14 ./Drivers/STM32F1xx_HAL_Driver/Src/stm32f1xx_hal.o
                0x0000000008001d5c                HAL_GetTick
 .text.HAL_Delay
                0x0000000008001d70       0x48 ./Drivers/STM32F1xx_HAL_Driver/Src/stm32f1xx_hal.o
                0x0000000008001d70                HAL_Delay
 .text.HAL_ADC_Init
                0x0000000008001db8      0x1b0 ./Drivers/STM32F1xx_HAL_Driver/Src/stm32f1xx_hal_adc.o
                0x0000000008001db8                HAL_ADC_Init
 .text.HAL_ADC_Start
                0x0000000008001f68      0x15c ./Drivers/STM32F1xx_HAL_Driver/Src/stm32f1xx_hal_adc.o
                0x0000000008001f68                HAL_ADC_Start
 .text.HAL_ADC_Stop
                0x00000000080020c4       0x58 ./Drivers/STM32F1xx_HAL_Driver/Src/stm32f1xx_hal_adc.o
                0x00000000080020c4                HAL_ADC_Stop
 .text.HAL_ADC_PollForConversion
                0x000000000800211c      0x20c ./Drivers/STM32F1xx_HAL_Driver/Src/stm32f1xx_hal_adc.o
                0x000000000800211c                HAL_ADC_PollForConversion
 .text.HAL_ADC_GetValue
                0x0000000008002328       0x18 ./Drivers/STM32F1xx_HAL_Driver/Src/stm32f1xx_hal_adc.o
                0x0000000008002328                HAL_ADC_GetValue
 .text.HAL_ADC_ConfigChannel
                0x0000000008002340      0x1f0 ./Drivers/STM32F1xx_HAL_Driver/Src/stm32f1xx_hal_adc.o
                0x0000000008002340                HAL_ADC_ConfigChannel
 .text.ADC_Enable
                0x0000000008002530       0xb4 ./Drivers/STM32F1xx_HAL_Driver/Src/stm32f1xx_hal_adc.o
                0x0000000008002530                ADC_Enable
 .text.ADC_ConversionStop_Disable
                0x00000000080025e4       0x82 ./Drivers/STM32F1xx_HAL_Driver/Src/stm32f1xx_hal_adc.o
                0x00000000080025e4                ADC_ConversionStop_Disable
 *fill*         0x0000000008002666        0x2 
 .text.__NVIC_SetPriorityGrouping
                0x0000000008002668       0x48 ./Drivers/STM32F1xx_HAL_Driver/Src/stm32f1xx_hal_cortex.o
 .text.__NVIC_GetPriorityGrouping
                0x00000000080026b0       0x1c ./Drivers/STM32F1xx_HAL_Driver/Src/stm32f1xx_hal_cortex.o
 .text.__NVIC_EnableIRQ
                0x00000000080026cc       0x38 ./Drivers/STM32F1xx_HAL_Driver/Src/stm32f1xx_hal_cortex.o
 .text.__NVIC_SetPriority
                0x0000000008002704       0x54 ./Drivers/STM32F1xx_HAL_Driver/Src/stm32f1xx_hal_cortex.o
 .text.NVIC_EncodePriority
                0x0000000008002758       0x64 ./Drivers/STM32F1xx_HAL_Driver/Src/stm32f1xx_hal_cortex.o
 .text.SysTick_Config
                0x00000000080027bc       0x44 ./Drivers/STM32F1xx_HAL_Driver/Src/stm32f1xx_hal_cortex.o
 .text.HAL_NVIC_SetPriorityGrouping
                0x0000000008002800       0x16 ./Drivers/STM32F1xx_HAL_Driver/Src/stm32f1xx_hal_cortex.o
                0x0000000008002800                HAL_NVIC_SetPriorityGrouping
 .text.HAL_NVIC_SetPriority
                0x0000000008002816       0x38 ./Drivers/STM32F1xx_HAL_Driver/Src/stm32f1xx_hal_cortex.o
                0x0000000008002816                HAL_NVIC_SetPriority
 .text.HAL_NVIC_EnableIRQ
                0x000000000800284e       0x1c ./Drivers/STM32F1xx_HAL_Driver/Src/stm32f1xx_hal_cortex.o
                0x000000000800284e                HAL_NVIC_EnableIRQ
 .text.HAL_SYSTICK_Config
                0x000000000800286a       0x18 ./Drivers/STM32F1xx_HAL_Driver/Src/stm32f1xx_hal_cortex.o
                0x000000000800286a                HAL_SYSTICK_Config
 .text.HAL_DMA_Abort
                0x0000000008002882       0x76 ./Drivers/STM32F1xx_HAL_Driver/Src/stm32f1xx_hal_dma.o
                0x0000000008002882                HAL_DMA_Abort
 .text.HAL_DMA_Abort_IT
                0x00000000080028f8       0xf0 ./Drivers/STM32F1xx_HAL_Driver/Src/stm32f1xx_hal_dma.o
                0x00000000080028f8                HAL_DMA_Abort_IT
 .text.HAL_GPIO_Init
                0x00000000080029e8      0x308 ./Drivers/STM32F1xx_HAL_Driver/Src/stm32f1xx_hal_gpio.o
                0x00000000080029e8                HAL_GPIO_Init
 .text.HAL_GPIO_WritePin
                0x0000000008002cf0       0x30 ./Drivers/STM32F1xx_HAL_Driver/Src/stm32f1xx_hal_gpio.o
                0x0000000008002cf0                HAL_GPIO_WritePin
 .text.HAL_GPIO_TogglePin
                0x0000000008002d20       0x32 ./Drivers/STM32F1xx_HAL_Driver/Src/stm32f1xx_hal_gpio.o
                0x0000000008002d20                HAL_GPIO_TogglePin
 *fill*         0x0000000008002d52        0x2 
 .text.HAL_RCC_OscConfig
                0x0000000008002d54      0x504 ./Drivers/STM32F1xx_HAL_Driver/Src/stm32f1xx_hal_rcc.o
                0x0000000008002d54                HAL_RCC_OscConfig
 .text.HAL_RCC_ClockConfig
                0x0000000008003258      0x1d4 ./Drivers/STM32F1xx_HAL_Driver/Src/stm32f1xx_hal_rcc.o
                0x0000000008003258                HAL_RCC_ClockConfig
 .text.HAL_RCC_GetSysClockFreq
                0x000000000800342c       0xa8 ./Drivers/STM32F1xx_HAL_Driver/Src/stm32f1xx_hal_rcc.o
                0x000000000800342c                HAL_RCC_GetSysClockFreq
 .text.HAL_RCC_GetHCLKFreq
                0x00000000080034d4       0x14 ./Drivers/STM32F1xx_HAL_Driver/Src/stm32f1xx_hal_rcc.o
                0x00000000080034d4                HAL_RCC_GetHCLKFreq
 .text.HAL_RCC_GetPCLK1Freq
                0x00000000080034e8       0x28 ./Drivers/STM32F1xx_HAL_Driver/Src/stm32f1xx_hal_rcc.o
                0x00000000080034e8                HAL_RCC_GetPCLK1Freq
 .text.HAL_RCC_GetPCLK2Freq
                0x0000000008003510       0x28 ./Drivers/STM32F1xx_HAL_Driver/Src/stm32f1xx_hal_rcc.o
                0x0000000008003510                HAL_RCC_GetPCLK2Freq
 .text.RCC_Delay
                0x0000000008003538       0x3c ./Drivers/STM32F1xx_HAL_Driver/Src/stm32f1xx_hal_rcc.o
 .text.HAL_RCCEx_PeriphCLKConfig
                0x0000000008003574      0x16c ./Drivers/STM32F1xx_HAL_Driver/Src/stm32f1xx_hal_rcc_ex.o
                0x0000000008003574                HAL_RCCEx_PeriphCLKConfig
 .text.HAL_RCCEx_GetPeriphCLKFreq
                0x00000000080036e0      0x16c ./Drivers/STM32F1xx_HAL_Driver/Src/stm32f1xx_hal_rcc_ex.o
                0x00000000080036e0                HAL_RCCEx_GetPeriphCLKFreq
 .text.HAL_TIM_Base_Init
                0x000000000800384c       0x9e ./Drivers/STM32F1xx_HAL_Driver/Src/stm32f1xx_hal_tim.o
                0x000000000800384c                HAL_TIM_Base_Init
 *fill*         0x00000000080038ea        0x2 
 .text.HAL_TIM_Base_Start_IT
                0x00000000080038ec       0xa4 ./Drivers/STM32F1xx_HAL_Driver/Src/stm32f1xx_hal_tim.o
                0x00000000080038ec                HAL_TIM_Base_Start_IT
 .text.HAL_TIM_PWM_Init
                0x0000000008003990       0x9e ./Drivers/STM32F1xx_HAL_Driver/Src/stm32f1xx_hal_tim.o
                0x0000000008003990                HAL_TIM_PWM_Init
 .text.HAL_TIM_PWM_MspInit
                0x0000000008003a2e       0x12 ./Drivers/STM32F1xx_HAL_Driver/Src/stm32f1xx_hal_tim.o
                0x0000000008003a2e                HAL_TIM_PWM_MspInit
 .text.HAL_TIM_PWM_Start
                0x0000000008003a40      0x144 ./Drivers/STM32F1xx_HAL_Driver/Src/stm32f1xx_hal_tim.o
                0x0000000008003a40                HAL_TIM_PWM_Start
 .text.HAL_TIM_IC_Init
                0x0000000008003b84       0x9e ./Drivers/STM32F1xx_HAL_Driver/Src/stm32f1xx_hal_tim.o
                0x0000000008003b84                HAL_TIM_IC_Init
 .text.HAL_TIM_IC_MspInit
                0x0000000008003c22       0x12 ./Drivers/STM32F1xx_HAL_Driver/Src/stm32f1xx_hal_tim.o
                0x0000000008003c22                HAL_TIM_IC_MspInit
 .text.HAL_TIM_IC_Start_IT
                0x0000000008003c34      0x218 ./Drivers/STM32F1xx_HAL_Driver/Src/stm32f1xx_hal_tim.o
                0x0000000008003c34                HAL_TIM_IC_Start_IT
 .text.HAL_TIM_IRQHandler
                0x0000000008003e4c      0x210 ./Drivers/STM32F1xx_HAL_Driver/Src/stm32f1xx_hal_tim.o
                0x0000000008003e4c                HAL_TIM_IRQHandler
 .text.HAL_TIM_IC_ConfigChannel
                0x000000000800405c      0x138 ./Drivers/STM32F1xx_HAL_Driver/Src/stm32f1xx_hal_tim.o
                0x000000000800405c                HAL_TIM_IC_ConfigChannel
 .text.HAL_TIM_PWM_ConfigChannel
                0x0000000008004194      0x184 ./Drivers/STM32F1xx_HAL_Driver/Src/stm32f1xx_hal_tim.o
                0x0000000008004194                HAL_TIM_PWM_ConfigChannel
 .text.HAL_TIM_ConfigClockSource
                0x0000000008004318      0x18e ./Drivers/STM32F1xx_HAL_Driver/Src/stm32f1xx_hal_tim.o
                0x0000000008004318                HAL_TIM_ConfigClockSource
 *fill*         0x00000000080044a6        0x2 
 .text.HAL_TIM_ReadCapturedValue
                0x00000000080044a8       0x88 ./Drivers/STM32F1xx_HAL_Driver/Src/stm32f1xx_hal_tim.o
                0x00000000080044a8                HAL_TIM_ReadCapturedValue
 .text.HAL_TIM_OC_DelayElapsedCallback
                0x0000000008004530       0x12 ./Drivers/STM32F1xx_HAL_Driver/Src/stm32f1xx_hal_tim.o
                0x0000000008004530                HAL_TIM_OC_DelayElapsedCallback
 .text.HAL_TIM_PWM_PulseFinishedCallback
                0x0000000008004542       0x12 ./Drivers/STM32F1xx_HAL_Driver/Src/stm32f1xx_hal_tim.o
                0x0000000008004542                HAL_TIM_PWM_PulseFinishedCallback
 .text.HAL_TIM_TriggerCallback
                0x0000000008004554       0x12 ./Drivers/STM32F1xx_HAL_Driver/Src/stm32f1xx_hal_tim.o
                0x0000000008004554                HAL_TIM_TriggerCallback
 *fill*         0x0000000008004566        0x2 
 .text.TIM_Base_SetConfig
                0x0000000008004568       0xc4 ./Drivers/STM32F1xx_HAL_Driver/Src/stm32f1xx_hal_tim.o
                0x0000000008004568                TIM_Base_SetConfig
 .text.TIM_OC1_SetConfig
                0x000000000800462c       0xcc ./Drivers/STM32F1xx_HAL_Driver/Src/stm32f1xx_hal_tim.o
 .text.TIM_OC2_SetConfig
                0x00000000080046f8       0xd4 ./Drivers/STM32F1xx_HAL_Driver/Src/stm32f1xx_hal_tim.o
                0x00000000080046f8                TIM_OC2_SetConfig
 .text.TIM_OC3_SetConfig
                0x00000000080047cc       0xd4 ./Drivers/STM32F1xx_HAL_Driver/Src/stm32f1xx_hal_tim.o
 .text.TIM_OC4_SetConfig
                0x00000000080048a0       0x9c ./Drivers/STM32F1xx_HAL_Driver/Src/stm32f1xx_hal_tim.o
 .text.TIM_TI1_SetConfig
                0x000000000800493c       0xb4 ./Drivers/STM32F1xx_HAL_Driver/Src/stm32f1xx_hal_tim.o
                0x000000000800493c                TIM_TI1_SetConfig
 .text.TIM_TI1_ConfigInputStage
                0x00000000080049f0       0x5c ./Drivers/STM32F1xx_HAL_Driver/Src/stm32f1xx_hal_tim.o
 .text.TIM_TI2_SetConfig
                0x0000000008004a4c       0x78 ./Drivers/STM32F1xx_HAL_Driver/Src/stm32f1xx_hal_tim.o
 .text.TIM_TI2_ConfigInputStage
                0x0000000008004ac4       0x5e ./Drivers/STM32F1xx_HAL_Driver/Src/stm32f1xx_hal_tim.o
 .text.TIM_TI3_SetConfig
                0x0000000008004b22       0x76 ./Drivers/STM32F1xx_HAL_Driver/Src/stm32f1xx_hal_tim.o
 .text.TIM_TI4_SetConfig
                0x0000000008004b98       0x78 ./Drivers/STM32F1xx_HAL_Driver/Src/stm32f1xx_hal_tim.o
 .text.TIM_ITRx_SetConfig
                0x0000000008004c10       0x34 ./Drivers/STM32F1xx_HAL_Driver/Src/stm32f1xx_hal_tim.o
 .text.TIM_ETR_SetConfig
                0x0000000008004c44       0x3e ./Drivers/STM32F1xx_HAL_Driver/Src/stm32f1xx_hal_tim.o
                0x0000000008004c44                TIM_ETR_SetConfig
 .text.TIM_CCxChannelCmd
                0x0000000008004c82       0x48 ./Drivers/STM32F1xx_HAL_Driver/Src/stm32f1xx_hal_tim.o
                0x0000000008004c82                TIM_CCxChannelCmd
 *fill*         0x0000000008004cca        0x2 
 .text.HAL_TIMEx_MasterConfigSynchronization
                0x0000000008004ccc       0xbc ./Drivers/STM32F1xx_HAL_Driver/Src/stm32f1xx_hal_tim_ex.o
                0x0000000008004ccc                HAL_TIMEx_MasterConfigSynchronization
 .text.HAL_TIMEx_CommutCallback
                0x0000000008004d88       0x12 ./Drivers/STM32F1xx_HAL_Driver/Src/stm32f1xx_hal_tim_ex.o
                0x0000000008004d88                HAL_TIMEx_CommutCallback
 .text.HAL_TIMEx_BreakCallback
                0x0000000008004d9a       0x12 ./Drivers/STM32F1xx_HAL_Driver/Src/stm32f1xx_hal_tim_ex.o
                0x0000000008004d9a                HAL_TIMEx_BreakCallback
 .text.HAL_UART_Init
                0x0000000008004dac       0xa0 ./Drivers/STM32F1xx_HAL_Driver/Src/stm32f1xx_hal_uart.o
                0x0000000008004dac                HAL_UART_Init
 .text.HAL_UART_Transmit
                0x0000000008004e4c      0x106 ./Drivers/STM32F1xx_HAL_Driver/Src/stm32f1xx_hal_uart.o
                0x0000000008004e4c                HAL_UART_Transmit
 .text.HAL_UART_Receive_IT
                0x0000000008004f52       0x4a ./Drivers/STM32F1xx_HAL_Driver/Src/stm32f1xx_hal_uart.o
                0x0000000008004f52                HAL_UART_Receive_IT
 .text.HAL_UART_IRQHandler
                0x0000000008004f9c      0x524 ./Drivers/STM32F1xx_HAL_Driver/Src/stm32f1xx_hal_uart.o
                0x0000000008004f9c                HAL_UART_IRQHandler
 .text.HAL_UART_TxCpltCallback
                0x00000000080054c0       0x12 ./Drivers/STM32F1xx_HAL_Driver/Src/stm32f1xx_hal_uart.o
                0x00000000080054c0                HAL_UART_TxCpltCallback
 .text.HAL_UART_ErrorCallback
                0x00000000080054d2       0x12 ./Drivers/STM32F1xx_HAL_Driver/Src/stm32f1xx_hal_uart.o
                0x00000000080054d2                HAL_UART_ErrorCallback
 .text.HAL_UARTEx_RxEventCallback
                0x00000000080054e4       0x16 ./Drivers/STM32F1xx_HAL_Driver/Src/stm32f1xx_hal_uart.o
                0x00000000080054e4                HAL_UARTEx_RxEventCallback
 .text.UART_WaitOnFlagUntilTimeout
                0x00000000080054fa       0xdc ./Drivers/STM32F1xx_HAL_Driver/Src/stm32f1xx_hal_uart.o
 .text.UART_Start_Receive_IT
                0x00000000080055d6       0x72 ./Drivers/STM32F1xx_HAL_Driver/Src/stm32f1xx_hal_uart.o
                0x00000000080055d6                UART_Start_Receive_IT
 .text.UART_EndRxTransfer
                0x0000000008005648       0xc4 ./Drivers/STM32F1xx_HAL_Driver/Src/stm32f1xx_hal_uart.o
 .text.UART_DMAAbortOnError
                0x000000000800570c       0x28 ./Drivers/STM32F1xx_HAL_Driver/Src/stm32f1xx_hal_uart.o
 .text.UART_Transmit_IT
                0x0000000008005734       0x9e ./Drivers/STM32F1xx_HAL_Driver/Src/stm32f1xx_hal_uart.o
 .text.UART_EndTransmit_IT
                0x00000000080057d2       0x30 ./Drivers/STM32F1xx_HAL_Driver/Src/stm32f1xx_hal_uart.o
 .text.UART_Receive_IT
                0x0000000008005802      0x17c ./Drivers/STM32F1xx_HAL_Driver/Src/stm32f1xx_hal_uart.o
 *fill*         0x000000000800597e        0x2 
 .text.UART_SetConfig
                0x0000000008005980      0x11c ./Drivers/STM32F1xx_HAL_Driver/Src/stm32f1xx_hal_uart.o
 *fill*         0x0000000008005a9c        0x4 
 .text.HAL_TIM_IC_CaptureCallback
                0x0000000008005aa0      0x140 ./application/HC_SR04.o
                0x0000000008005aa0                HAL_TIM_IC_CaptureCallback
 .text.past_errors
                0x0000000008005be0       0x40 ./application/Lib_Controller.o
                0x0000000008005be0                past_errors
 .text.errors_sum
                0x0000000008005c20       0x64 ./application/Lib_Controller.o
                0x0000000008005c20                errors_sum
 .text.PID_control
                0x0000000008005c84      0x118 ./application/Lib_Controller.o
                0x0000000008005c84                PID_control
 .text.IC74HC4051_Init
                0x0000000008005d9c       0x64 ./application/Lib_Sensor.o
                0x0000000008005d9c                IC74HC4051_Init
 .text.IC74HC595_Init
                0x0000000008005e00       0x54 ./application/Lib_Sensor.o
                0x0000000008005e00                IC74HC595_Init
 .text.IC74hc4051_BitRead
                0x0000000008005e54       0x30 ./application/Lib_Sensor.o
                0x0000000008005e54                IC74hc4051_BitRead
 .text.IC74hc4051_SelectChannel
                0x0000000008005e84       0x9c ./application/Lib_Sensor.o
                0x0000000008005e84                IC74hc4051_SelectChannel
 .text.IC74hc4051_Read_rawADC_7Chan
                0x0000000008005f20       0x68 ./application/Lib_Sensor.o
                0x0000000008005f20                IC74hc4051_Read_rawADC_7Chan
 .text.IC74HC595
                0x0000000008005f88       0xd4 ./application/Lib_Sensor.o
                0x0000000008005f88                IC74HC595
 .text.define_data
                0x000000000800605c      0x580 ./application/Lib_Sensor.o
                0x000000000800605c                define_data
 .text.Check_error
                0x00000000080065dc      0x164 ./application/Lib_Sensor.o
                0x00000000080065dc                Check_error
 .text.TimerInit
                0x0000000008006740       0x68 ./application/lib_motor.o
                0x0000000008006740                TimerInit
 .text.motor_control
                0x00000000080067a8       0x56 ./application/lib_motor.o
                0x00000000080067a8                motor_control
 *fill*         0x00000000080067fe        0x2 
 .text.quick_turn
                0x0000000008006800      0x11c ./application/lib_motor.o
                0x0000000008006800                quick_turn
 .text.forward_brake
                0x000000000800691c       0x48 ./application/lib_motor.o
                0x000000000800691c                forward_brake
 .text.motor_right_move
                0x0000000008006964       0x78 ./application/lib_motor.o
                0x0000000008006964                motor_right_move
 .text.motor_right_down
                0x00000000080069dc       0x78 ./application/lib_motor.o
                0x00000000080069dc                motor_right_down
 .text.motor_left_move
                0x0000000008006a54       0x78 ./application/lib_motor.o
                0x0000000008006a54                motor_left_move
 .text.motor_left_down
                0x0000000008006acc       0x78 ./application/lib_motor.o
                0x0000000008006acc                motor_left_down
 .text.motor_stop
                0x0000000008006b44       0xb4 ./application/lib_motor.o
                0x0000000008006b44                motor_stop
 .text.motor_move
                0x0000000008006bf8       0x1e ./application/lib_motor.o
                0x0000000008006bf8                motor_move
 *fill*         0x0000000008006c16        0x2 
 .text.bluetooth_init_UART
                0x0000000008006c18       0x24 ./application/lib_uart.o
                0x0000000008006c18                bluetooth_init_UART
 .text.bluetooth_check_string_stop_start_robot
                0x0000000008006c3c      0x114 ./application/lib_uart.o
                0x0000000008006c3c                bluetooth_check_string_stop_start_robot
 .text.bluetooth_rx_change_kx
                0x0000000008006d50      0x4d4 ./application/lib_uart.o
                0x0000000008006d50                bluetooth_rx_change_kx
 .text.Char2Num
                0x0000000008007224       0x1c ./application/lib_uart.o
                0x0000000008007224                Char2Num
 .text.change_line_sensor_read
                0x0000000008007240       0xa4 ./application/lib_uart.o
                0x0000000008007240                change_line_sensor_read
 .text.__errno  0x00000000080072e4        0xc c:/users/baothuan/stm32cubeide_1.12.1/stm32cubeide/plugins/com.st.stm32cube.ide.mcu.externaltools.gnu-tools-for-stm32.10.3-2021.10.win32_1.0.200.202301161003/tools/bin/../lib/gcc/arm-none-eabi/10.3.1/../../../../arm-none-eabi/lib/thumb/v7-m/nofp\libc_nano.a(lib_a-errno.o)
                0x00000000080072e4                __errno
 .text.__libc_init_array
                0x00000000080072f0       0x48 c:/users/baothuan/stm32cubeide_1.12.1/stm32cubeide/plugins/com.st.stm32cube.ide.mcu.externaltools.gnu-tools-for-stm32.10.3-2021.10.win32_1.0.200.202301161003/tools/bin/../lib/gcc/arm-none-eabi/10.3.1/../../../../arm-none-eabi/lib/thumb/v7-m/nofp\libc_nano.a(lib_a-init.o)
                0x00000000080072f0                __libc_init_array
 .text.memcpy   0x0000000008007338       0x1c c:/users/baothuan/stm32cubeide_1.12.1/stm32cubeide/plugins/com.st.stm32cube.ide.mcu.externaltools.gnu-tools-for-stm32.10.3-2021.10.win32_1.0.200.202301161003/tools/bin/../lib/gcc/arm-none-eabi/10.3.1/../../../../arm-none-eabi/lib/thumb/v7-m/nofp\libc_nano.a(lib_a-memcpy-stub.o)
                0x0000000008007338                memcpy
 .text.memset   0x0000000008007354       0x10 c:/users/baothuan/stm32cubeide_1.12.1/stm32cubeide/plugins/com.st.stm32cube.ide.mcu.externaltools.gnu-tools-for-stm32.10.3-2021.10.win32_1.0.200.202301161003/tools/bin/../lib/gcc/arm-none-eabi/10.3.1/../../../../arm-none-eabi/lib/thumb/v7-m/nofp\libc_nano.a(lib_a-memset.o)
                0x0000000008007354                memset
 .text.__cvt    0x0000000008007364       0xbe c:/users/baothuan/stm32cubeide_1.12.1/stm32cubeide/plugins/com.st.stm32cube.ide.mcu.externaltools.gnu-tools-for-stm32.10.3-2021.10.win32_1.0.200.202301161003/tools/bin/../lib/gcc/arm-none-eabi/10.3.1/../../../../arm-none-eabi/lib/thumb/v7-m/nofp\libc_nano.a(lib_a-nano-vfprintf_float.o)
                0x0000000008007364                __cvt
 .text.__exponent
                0x0000000008007422       0x7c c:/users/baothuan/stm32cubeide_1.12.1/stm32cubeide/plugins/com.st.stm32cube.ide.mcu.externaltools.gnu-tools-for-stm32.10.3-2021.10.win32_1.0.200.202301161003/tools/bin/../lib/gcc/arm-none-eabi/10.3.1/../../../../arm-none-eabi/lib/thumb/v7-m/nofp\libc_nano.a(lib_a-nano-vfprintf_float.o)
                0x0000000008007422                __exponent
 *fill*         0x000000000800749e        0x2 
 .text._printf_float
                0x00000000080074a0      0x458 c:/users/baothuan/stm32cubeide_1.12.1/stm32cubeide/plugins/com.st.stm32cube.ide.mcu.externaltools.gnu-tools-for-stm32.10.3-2021.10.win32_1.0.200.202301161003/tools/bin/../lib/gcc/arm-none-eabi/10.3.1/../../../../arm-none-eabi/lib/thumb/v7-m/nofp\libc_nano.a(lib_a-nano-vfprintf_float.o)
                0x00000000080074a0                _printf_float
 .text._printf_common
                0x00000000080078f8       0xde c:/users/baothuan/stm32cubeide_1.12.1/stm32cubeide/plugins/com.st.stm32cube.ide.mcu.externaltools.gnu-tools-for-stm32.10.3-2021.10.win32_1.0.200.202301161003/tools/bin/../lib/gcc/arm-none-eabi/10.3.1/../../../../arm-none-eabi/lib/thumb/v7-m/nofp\libc_nano.a(lib_a-nano-vfprintf_i.o)
                0x00000000080078f8                _printf_common
 *fill*         0x00000000080079d6        0x2 
 .text._printf_i
                0x00000000080079d8      0x24c c:/users/baothuan/stm32cubeide_1.12.1/stm32cubeide/plugins/com.st.stm32cube.ide.mcu.externaltools.gnu-tools-for-stm32.10.3-2021.10.win32_1.0.200.202301161003/tools/bin/../lib/gcc/arm-none-eabi/10.3.1/../../../../arm-none-eabi/lib/thumb/v7-m/nofp\libc_nano.a(lib_a-nano-vfprintf_i.o)
                0x00000000080079d8                _printf_i
 .text.sprintf  0x0000000008007c24       0x40 c:/users/baothuan/stm32cubeide_1.12.1/stm32cubeide/plugins/com.st.stm32cube.ide.mcu.externaltools.gnu-tools-for-stm32.10.3-2021.10.win32_1.0.200.202301161003/tools/bin/../lib/gcc/arm-none-eabi/10.3.1/../../../../arm-none-eabi/lib/thumb/v7-m/nofp\libc_nano.a(lib_a-sprintf.o)
                0x0000000008007c24                siprintf
                0x0000000008007c24                sprintf
 .text.strstr   0x0000000008007c64       0x2c c:/users/baothuan/stm32cubeide_1.12.1/stm32cubeide/plugins/com.st.stm32cube.ide.mcu.externaltools.gnu-tools-for-stm32.10.3-2021.10.win32_1.0.200.202301161003/tools/bin/../lib/gcc/arm-none-eabi/10.3.1/../../../../arm-none-eabi/lib/thumb/v7-m/nofp\libc_nano.a(lib_a-strstr.o)
                0x0000000008007c64                strstr
 .text.strtok   0x0000000008007c90       0x68 c:/users/baothuan/stm32cubeide_1.12.1/stm32cubeide/plugins/com.st.stm32cube.ide.mcu.externaltools.gnu-tools-for-stm32.10.3-2021.10.win32_1.0.200.202301161003/tools/bin/../lib/gcc/arm-none-eabi/10.3.1/../../../../arm-none-eabi/lib/thumb/v7-m/nofp\libc_nano.a(lib_a-strtok.o)
                0x0000000008007c90                strtok
 .text.__strtok_r
                0x0000000008007cf8       0x50 c:/users/baothuan/stm32cubeide_1.12.1/stm32cubeide/plugins/com.st.stm32cube.ide.mcu.externaltools.gnu-tools-for-stm32.10.3-2021.10.win32_1.0.200.202301161003/tools/bin/../lib/gcc/arm-none-eabi/10.3.1/../../../../arm-none-eabi/lib/thumb/v7-m/nofp\libc_nano.a(lib_a-strtok_r.o)
                0x0000000008007cf8                __strtok_r
 .text.__assert_func
                0x0000000008007d48       0x3c c:/users/baothuan/stm32cubeide_1.12.1/stm32cubeide/plugins/com.st.stm32cube.ide.mcu.externaltools.gnu-tools-for-stm32.10.3-2021.10.win32_1.0.200.202301161003/tools/bin/../lib/gcc/arm-none-eabi/10.3.1/../../../../arm-none-eabi/lib/thumb/v7-m/nofp\libc_nano.a(lib_a-assert.o)
                0x0000000008007d48                __assert_func
 .text.quorem   0x0000000008007d84      0x118 c:/users/baothuan/stm32cubeide_1.12.1/stm32cubeide/plugins/com.st.stm32cube.ide.mcu.externaltools.gnu-tools-for-stm32.10.3-2021.10.win32_1.0.200.202301161003/tools/bin/../lib/gcc/arm-none-eabi/10.3.1/../../../../arm-none-eabi/lib/thumb/v7-m/nofp\libc_nano.a(lib_a-dtoa.o)
 *fill*         0x0000000008007e9c        0x4 
 .text._dtoa_r  0x0000000008007ea0      0xbdc c:/users/baothuan/stm32cubeide_1.12.1/stm32cubeide/plugins/com.st.stm32cube.ide.mcu.externaltools.gnu-tools-for-stm32.10.3-2021.10.win32_1.0.200.202301161003/tools/bin/../lib/gcc/arm-none-eabi/10.3.1/../../../../arm-none-eabi/lib/thumb/v7-m/nofp\libc_nano.a(lib_a-dtoa.o)
                0x0000000008007ea0                _dtoa_r
 .text.fprintf  0x0000000008008a7c       0x24 c:/users/baothuan/stm32cubeide_1.12.1/stm32cubeide/plugins/com.st.stm32cube.ide.mcu.externaltools.gnu-tools-for-stm32.10.3-2021.10.win32_1.0.200.202301161003/tools/bin/../lib/gcc/arm-none-eabi/10.3.1/../../../../arm-none-eabi/lib/thumb/v7-m/nofp\libc_nano.a(lib_a-fprintf.o)
                0x0000000008008a7c                fiprintf
                0x0000000008008a7c                fprintf
 .text._localeconv_r
                0x0000000008008aa0        0x8 c:/users/baothuan/stm32cubeide_1.12.1/stm32cubeide/plugins/com.st.stm32cube.ide.mcu.externaltools.gnu-tools-for-stm32.10.3-2021.10.win32_1.0.200.202301161003/tools/bin/../lib/gcc/arm-none-eabi/10.3.1/../../../../arm-none-eabi/lib/thumb/v7-m/nofp\libc_nano.a(lib_a-localeconv.o)
                0x0000000008008aa0                _localeconv_r
 .text.malloc   0x0000000008008aa8       0x10 c:/users/baothuan/stm32cubeide_1.12.1/stm32cubeide/plugins/com.st.stm32cube.ide.mcu.externaltools.gnu-tools-for-stm32.10.3-2021.10.win32_1.0.200.202301161003/tools/bin/../lib/gcc/arm-none-eabi/10.3.1/../../../../arm-none-eabi/lib/thumb/v7-m/nofp\libc_nano.a(lib_a-malloc.o)
                0x0000000008008aa8                malloc
 .text.memchr   0x0000000008008ab8       0x1c c:/users/baothuan/stm32cubeide_1.12.1/stm32cubeide/plugins/com.st.stm32cube.ide.mcu.externaltools.gnu-tools-for-stm32.10.3-2021.10.win32_1.0.200.202301161003/tools/bin/../lib/gcc/arm-none-eabi/10.3.1/../../../../arm-none-eabi/lib/thumb/v7-m/nofp\libc_nano.a(lib_a-memchr-stub.o)
                0x0000000008008ab8                memchr
 .text._Balloc  0x0000000008008ad4       0x80 c:/users/baothuan/stm32cubeide_1.12.1/stm32cubeide/plugins/com.st.stm32cube.ide.mcu.externaltools.gnu-tools-for-stm32.10.3-2021.10.win32_1.0.200.202301161003/tools/bin/../lib/gcc/arm-none-eabi/10.3.1/../../../../arm-none-eabi/lib/thumb/v7-m/nofp\libc_nano.a(lib_a-mprec.o)
                0x0000000008008ad4                _Balloc
 .text._Bfree   0x0000000008008b54       0x44 c:/users/baothuan/stm32cubeide_1.12.1/stm32cubeide/plugins/com.st.stm32cube.ide.mcu.externaltools.gnu-tools-for-stm32.10.3-2021.10.win32_1.0.200.202301161003/tools/bin/../lib/gcc/arm-none-eabi/10.3.1/../../../../arm-none-eabi/lib/thumb/v7-m/nofp\libc_nano.a(lib_a-mprec.o)
                0x0000000008008b54                _Bfree
 .text.__multadd
                0x0000000008008b98       0x8c c:/users/baothuan/stm32cubeide_1.12.1/stm32cubeide/plugins/com.st.stm32cube.ide.mcu.externaltools.gnu-tools-for-stm32.10.3-2021.10.win32_1.0.200.202301161003/tools/bin/../lib/gcc/arm-none-eabi/10.3.1/../../../../arm-none-eabi/lib/thumb/v7-m/nofp\libc_nano.a(lib_a-mprec.o)
                0x0000000008008b98                __multadd
 .text.__hi0bits
                0x0000000008008c24       0x40 c:/users/baothuan/stm32cubeide_1.12.1/stm32cubeide/plugins/com.st.stm32cube.ide.mcu.externaltools.gnu-tools-for-stm32.10.3-2021.10.win32_1.0.200.202301161003/tools/bin/../lib/gcc/arm-none-eabi/10.3.1/../../../../arm-none-eabi/lib/thumb/v7-m/nofp\libc_nano.a(lib_a-mprec.o)
                0x0000000008008c24                __hi0bits
 .text.__lo0bits
                0x0000000008008c64       0x5a c:/users/baothuan/stm32cubeide_1.12.1/stm32cubeide/plugins/com.st.stm32cube.ide.mcu.externaltools.gnu-tools-for-stm32.10.3-2021.10.win32_1.0.200.202301161003/tools/bin/../lib/gcc/arm-none-eabi/10.3.1/../../../../arm-none-eabi/lib/thumb/v7-m/nofp\libc_nano.a(lib_a-mprec.o)
                0x0000000008008c64                __lo0bits
 *fill*         0x0000000008008cbe        0x2 
 .text.__i2b    0x0000000008008cc0       0x2c c:/users/baothuan/stm32cubeide_1.12.1/stm32cubeide/plugins/com.st.stm32cube.ide.mcu.externaltools.gnu-tools-for-stm32.10.3-2021.10.win32_1.0.200.202301161003/tools/bin/../lib/gcc/arm-none-eabi/10.3.1/../../../../arm-none-eabi/lib/thumb/v7-m/nofp\libc_nano.a(lib_a-mprec.o)
                0x0000000008008cc0                __i2b
 .text.__multiply
                0x0000000008008cec      0x150 c:/users/baothuan/stm32cubeide_1.12.1/stm32cubeide/plugins/com.st.stm32cube.ide.mcu.externaltools.gnu-tools-for-stm32.10.3-2021.10.win32_1.0.200.202301161003/tools/bin/../lib/gcc/arm-none-eabi/10.3.1/../../../../arm-none-eabi/lib/thumb/v7-m/nofp\libc_nano.a(lib_a-mprec.o)
                0x0000000008008cec                __multiply
 .text.__pow5mult
                0x0000000008008e3c       0xb4 c:/users/baothuan/stm32cubeide_1.12.1/stm32cubeide/plugins/com.st.stm32cube.ide.mcu.externaltools.gnu-tools-for-stm32.10.3-2021.10.win32_1.0.200.202301161003/tools/bin/../lib/gcc/arm-none-eabi/10.3.1/../../../../arm-none-eabi/lib/thumb/v7-m/nofp\libc_nano.a(lib_a-mprec.o)
                0x0000000008008e3c                __pow5mult
 .text.__lshift
                0x0000000008008ef0       0xe0 c:/users/baothuan/stm32cubeide_1.12.1/stm32cubeide/plugins/com.st.stm32cube.ide.mcu.externaltools.gnu-tools-for-stm32.10.3-2021.10.win32_1.0.200.202301161003/tools/bin/../lib/gcc/arm-none-eabi/10.3.1/../../../../arm-none-eabi/lib/thumb/v7-m/nofp\libc_nano.a(lib_a-mprec.o)
                0x0000000008008ef0                __lshift
 .text.__mcmp   0x0000000008008fd0       0x36 c:/users/baothuan/stm32cubeide_1.12.1/stm32cubeide/plugins/com.st.stm32cube.ide.mcu.externaltools.gnu-tools-for-stm32.10.3-2021.10.win32_1.0.200.202301161003/tools/bin/../lib/gcc/arm-none-eabi/10.3.1/../../../../arm-none-eabi/lib/thumb/v7-m/nofp\libc_nano.a(lib_a-mprec.o)
                0x0000000008008fd0                __mcmp
 *fill*         0x0000000008009006        0x2 
 .text.__mdiff  0x0000000008009008      0x118 c:/users/baothuan/stm32cubeide_1.12.1/stm32cubeide/plugins/com.st.stm32cube.ide.mcu.externaltools.gnu-tools-for-stm32.10.3-2021.10.win32_1.0.200.202301161003/tools/bin/../lib/gcc/arm-none-eabi/10.3.1/../../../../arm-none-eabi/lib/thumb/v7-m/nofp\libc_nano.a(lib_a-mprec.o)
                0x0000000008009008                __mdiff
 .text.__d2b    0x0000000008009120       0xb8 c:/users/baothuan/stm32cubeide_1.12.1/stm32cubeide/plugins/com.st.stm32cube.ide.mcu.externaltools.gnu-tools-for-stm32.10.3-2021.10.win32_1.0.200.202301161003/tools/bin/../lib/gcc/arm-none-eabi/10.3.1/../../../../arm-none-eabi/lib/thumb/v7-m/nofp\libc_nano.a(lib_a-mprec.o)
                0x0000000008009120                __d2b
 .text._calloc_r
                0x00000000080091d8       0x28 c:/users/baothuan/stm32cubeide_1.12.1/stm32cubeide/plugins/com.st.stm32cube.ide.mcu.externaltools.gnu-tools-for-stm32.10.3-2021.10.win32_1.0.200.202301161003/tools/bin/../lib/gcc/arm-none-eabi/10.3.1/../../../../arm-none-eabi/lib/thumb/v7-m/nofp\libc_nano.a(lib_a-nano-callocr.o)
                0x00000000080091d8                _calloc_r
 .text._free_r  0x0000000008009200       0x90 c:/users/baothuan/stm32cubeide_1.12.1/stm32cubeide/plugins/com.st.stm32cube.ide.mcu.externaltools.gnu-tools-for-stm32.10.3-2021.10.win32_1.0.200.202301161003/tools/bin/../lib/gcc/arm-none-eabi/10.3.1/../../../../arm-none-eabi/lib/thumb/v7-m/nofp\libc_nano.a(lib_a-nano-freer.o)
                0x0000000008009200                _free_r
 .text.sbrk_aligned
                0x0000000008009290       0x40 c:/users/baothuan/stm32cubeide_1.12.1/stm32cubeide/plugins/com.st.stm32cube.ide.mcu.externaltools.gnu-tools-for-stm32.10.3-2021.10.win32_1.0.200.202301161003/tools/bin/../lib/gcc/arm-none-eabi/10.3.1/../../../../arm-none-eabi/lib/thumb/v7-m/nofp\libc_nano.a(lib_a-nano-mallocr.o)
 .text._malloc_r
                0x00000000080092d0       0xe8 c:/users/baothuan/stm32cubeide_1.12.1/stm32cubeide/plugins/com.st.stm32cube.ide.mcu.externaltools.gnu-tools-for-stm32.10.3-2021.10.win32_1.0.200.202301161003/tools/bin/../lib/gcc/arm-none-eabi/10.3.1/../../../../arm-none-eabi/lib/thumb/v7-m/nofp\libc_nano.a(lib_a-nano-mallocr.o)
                0x00000000080092d0                _malloc_r
 .text.__ssputs_r
                0x00000000080093b8       0xb6 c:/users/baothuan/stm32cubeide_1.12.1/stm32cubeide/plugins/com.st.stm32cube.ide.mcu.externaltools.gnu-tools-for-stm32.10.3-2021.10.win32_1.0.200.202301161003/tools/bin/../lib/gcc/arm-none-eabi/10.3.1/../../../../arm-none-eabi/lib/thumb/v7-m/nofp\libc_nano.a(lib_a-nano-svfprintf.o)
                0x00000000080093b8                __ssputs_r
 *fill*         0x000000000800946e        0x2 
 .text._svfprintf_r
                0x0000000008009470      0x200 c:/users/baothuan/stm32cubeide_1.12.1/stm32cubeide/plugins/com.st.stm32cube.ide.mcu.externaltools.gnu-tools-for-stm32.10.3-2021.10.win32_1.0.200.202301161003/tools/bin/../lib/gcc/arm-none-eabi/10.3.1/../../../../arm-none-eabi/lib/thumb/v7-m/nofp\libc_nano.a(lib_a-nano-svfprintf.o)
                0x0000000008009470                _svfiprintf_r
                0x0000000008009470                _svfprintf_r
 .text.__sfputc_r
                0x0000000008009670       0x2a c:/users/baothuan/stm32cubeide_1.12.1/stm32cubeide/plugins/com.st.stm32cube.ide.mcu.externaltools.gnu-tools-for-stm32.10.3-2021.10.win32_1.0.200.202301161003/tools/bin/../lib/gcc/arm-none-eabi/10.3.1/../../../../arm-none-eabi/lib/thumb/v7-m/nofp\libc_nano.a(lib_a-nano-vfprintf.o)
 .text.__sfputs_r
                0x000000000800969a       0x24 c:/users/baothuan/stm32cubeide_1.12.1/stm32cubeide/plugins/com.st.stm32cube.ide.mcu.externaltools.gnu-tools-for-stm32.10.3-2021.10.win32_1.0.200.202301161003/tools/bin/../lib/gcc/arm-none-eabi/10.3.1/../../../../arm-none-eabi/lib/thumb/v7-m/nofp\libc_nano.a(lib_a-nano-vfprintf.o)
                0x000000000800969a                __sfputs_r
 *fill*         0x00000000080096be        0x2 
 .text._vfprintf_r
                0x00000000080096c0      0x260 c:/users/baothuan/stm32cubeide_1.12.1/stm32cubeide/plugins/com.st.stm32cube.ide.mcu.externaltools.gnu-tools-for-stm32.10.3-2021.10.win32_1.0.200.202301161003/tools/bin/../lib/gcc/arm-none-eabi/10.3.1/../../../../arm-none-eabi/lib/thumb/v7-m/nofp\libc_nano.a(lib_a-nano-vfprintf.o)
                0x00000000080096c0                _vfprintf_r
                0x00000000080096c0                _vfiprintf_r
 .text._sbrk_r  0x0000000008009920       0x20 c:/users/baothuan/stm32cubeide_1.12.1/stm32cubeide/plugins/com.st.stm32cube.ide.mcu.externaltools.gnu-tools-for-stm32.10.3-2021.10.win32_1.0.200.202301161003/tools/bin/../lib/gcc/arm-none-eabi/10.3.1/../../../../arm-none-eabi/lib/thumb/v7-m/nofp\libc_nano.a(lib_a-sbrkr.o)
                0x0000000008009920                _sbrk_r
 .text.__swbuf_r
                0x0000000008009940       0xa4 c:/users/baothuan/stm32cubeide_1.12.1/stm32cubeide/plugins/com.st.stm32cube.ide.mcu.externaltools.gnu-tools-for-stm32.10.3-2021.10.win32_1.0.200.202301161003/tools/bin/../lib/gcc/arm-none-eabi/10.3.1/../../../../arm-none-eabi/lib/thumb/v7-m/nofp\libc_nano.a(lib_a-wbuf.o)
                0x0000000008009940                __swbuf_r
 .text.__swsetup_r
                0x00000000080099e4       0xdc c:/users/baothuan/stm32cubeide_1.12.1/stm32cubeide/plugins/com.st.stm32cube.ide.mcu.externaltools.gnu-tools-for-stm32.10.3-2021.10.win32_1.0.200.202301161003/tools/bin/../lib/gcc/arm-none-eabi/10.3.1/../../../../arm-none-eabi/lib/thumb/v7-m/nofp\libc_nano.a(lib_a-wsetup.o)
                0x00000000080099e4                __swsetup_r
 .text.abort    0x0000000008009ac0        0xe c:/users/baothuan/stm32cubeide_1.12.1/stm32cubeide/plugins/com.st.stm32cube.ide.mcu.externaltools.gnu-tools-for-stm32.10.3-2021.10.win32_1.0.200.202301161003/tools/bin/../lib/gcc/arm-none-eabi/10.3.1/../../../../arm-none-eabi/lib/thumb/v7-m/nofp\libc_nano.a(lib_a-abort.o)
                0x0000000008009ac0                abort
 *fill*         0x0000000008009ace        0x2 
 .text.__sflush_r
                0x0000000008009ad0      0x104 c:/users/baothuan/stm32cubeide_1.12.1/stm32cubeide/plugins/com.st.stm32cube.ide.mcu.externaltools.gnu-tools-for-stm32.10.3-2021.10.win32_1.0.200.202301161003/tools/bin/../lib/gcc/arm-none-eabi/10.3.1/../../../../arm-none-eabi/lib/thumb/v7-m/nofp\libc_nano.a(lib_a-fflush.o)
                0x0000000008009ad0                __sflush_r
 .text._fflush_r
                0x0000000008009bd4       0x78 c:/users/baothuan/stm32cubeide_1.12.1/stm32cubeide/plugins/com.st.stm32cube.ide.mcu.externaltools.gnu-tools-for-stm32.10.3-2021.10.win32_1.0.200.202301161003/tools/bin/../lib/gcc/arm-none-eabi/10.3.1/../../../../arm-none-eabi/lib/thumb/v7-m/nofp\libc_nano.a(lib_a-fflush.o)
                0x0000000008009bd4                _fflush_r
 .text.std      0x0000000008009c4c       0x48 c:/users/baothuan/stm32cubeide_1.12.1/stm32cubeide/plugins/com.st.stm32cube.ide.mcu.externaltools.gnu-tools-for-stm32.10.3-2021.10.win32_1.0.200.202301161003/tools/bin/../lib/gcc/arm-none-eabi/10.3.1/../../../../arm-none-eabi/lib/thumb/v7-m/nofp\libc_nano.a(lib_a-findfp.o)
 .text._cleanup_r
                0x0000000008009c94        0xc c:/users/baothuan/stm32cubeide_1.12.1/stm32cubeide/plugins/com.st.stm32cube.ide.mcu.externaltools.gnu-tools-for-stm32.10.3-2021.10.win32_1.0.200.202301161003/tools/bin/../lib/gcc/arm-none-eabi/10.3.1/../../../../arm-none-eabi/lib/thumb/v7-m/nofp\libc_nano.a(lib_a-findfp.o)
                0x0000000008009c94                _cleanup_r
 .text.__sfmoreglue
                0x0000000008009ca0       0x2c c:/users/baothuan/stm32cubeide_1.12.1/stm32cubeide/plugins/com.st.stm32cube.ide.mcu.externaltools.gnu-tools-for-stm32.10.3-2021.10.win32_1.0.200.202301161003/tools/bin/../lib/gcc/arm-none-eabi/10.3.1/../../../../arm-none-eabi/lib/thumb/v7-m/nofp\libc_nano.a(lib_a-findfp.o)
                0x0000000008009ca0                __sfmoreglue
 .text.__sfp_lock_acquire
                0x0000000008009ccc        0xc c:/users/baothuan/stm32cubeide_1.12.1/stm32cubeide/plugins/com.st.stm32cube.ide.mcu.externaltools.gnu-tools-for-stm32.10.3-2021.10.win32_1.0.200.202301161003/tools/bin/../lib/gcc/arm-none-eabi/10.3.1/../../../../arm-none-eabi/lib/thumb/v7-m/nofp\libc_nano.a(lib_a-findfp.o)
                0x0000000008009ccc                __sfp_lock_acquire
 .text.__sfp_lock_release
                0x0000000008009cd8        0xc c:/users/baothuan/stm32cubeide_1.12.1/stm32cubeide/plugins/com.st.stm32cube.ide.mcu.externaltools.gnu-tools-for-stm32.10.3-2021.10.win32_1.0.200.202301161003/tools/bin/../lib/gcc/arm-none-eabi/10.3.1/../../../../arm-none-eabi/lib/thumb/v7-m/nofp\libc_nano.a(lib_a-findfp.o)
                0x0000000008009cd8                __sfp_lock_release
 .text.__sinit_lock_acquire
                0x0000000008009ce4        0xc c:/users/baothuan/stm32cubeide_1.12.1/stm32cubeide/plugins/com.st.stm32cube.ide.mcu.externaltools.gnu-tools-for-stm32.10.3-2021.10.win32_1.0.200.202301161003/tools/bin/../lib/gcc/arm-none-eabi/10.3.1/../../../../arm-none-eabi/lib/thumb/v7-m/nofp\libc_nano.a(lib_a-findfp.o)
                0x0000000008009ce4                __sinit_lock_acquire
 .text.__sinit_lock_release
                0x0000000008009cf0        0xc c:/users/baothuan/stm32cubeide_1.12.1/stm32cubeide/plugins/com.st.stm32cube.ide.mcu.externaltools.gnu-tools-for-stm32.10.3-2021.10.win32_1.0.200.202301161003/tools/bin/../lib/gcc/arm-none-eabi/10.3.1/../../../../arm-none-eabi/lib/thumb/v7-m/nofp\libc_nano.a(lib_a-findfp.o)
                0x0000000008009cf0                __sinit_lock_release
 .text.__sinit  0x0000000008009cfc       0x70 c:/users/baothuan/stm32cubeide_1.12.1/stm32cubeide/plugins/com.st.stm32cube.ide.mcu.externaltools.gnu-tools-for-stm32.10.3-2021.10.win32_1.0.200.202301161003/tools/bin/../lib/gcc/arm-none-eabi/10.3.1/../../../../arm-none-eabi/lib/thumb/v7-m/nofp\libc_nano.a(lib_a-findfp.o)
                0x0000000008009cfc                __sinit
 .text.__sfp    0x0000000008009d6c       0x8c c:/users/baothuan/stm32cubeide_1.12.1/stm32cubeide/plugins/com.st.stm32cube.ide.mcu.externaltools.gnu-tools-for-stm32.10.3-2021.10.win32_1.0.200.202301161003/tools/bin/../lib/gcc/arm-none-eabi/10.3.1/../../../../arm-none-eabi/lib/thumb/v7-m/nofp\libc_nano.a(lib_a-findfp.o)
                0x0000000008009d6c                __sfp
 .text._fwalk_reent
                0x0000000008009df8       0x3e c:/users/baothuan/stm32cubeide_1.12.1/stm32cubeide/plugins/com.st.stm32cube.ide.mcu.externaltools.gnu-tools-for-stm32.10.3-2021.10.win32_1.0.200.202301161003/tools/bin/../lib/gcc/arm-none-eabi/10.3.1/../../../../arm-none-eabi/lib/thumb/v7-m/nofp\libc_nano.a(lib_a-fwalk.o)
                0x0000000008009df8                _fwalk_reent
 .text.__retarget_lock_init_recursive
                0x0000000008009e36        0x2 c:/users/baothuan/stm32cubeide_1.12.1/stm32cubeide/plugins/com.st.stm32cube.ide.mcu.externaltools.gnu-tools-for-stm32.10.3-2021.10.win32_1.0.200.202301161003/tools/bin/../lib/gcc/arm-none-eabi/10.3.1/../../../../arm-none-eabi/lib/thumb/v7-m/nofp\libc_nano.a(lib_a-lock.o)
                0x0000000008009e36                __retarget_lock_init_recursive
 .text.__retarget_lock_acquire_recursive
                0x0000000008009e38        0x2 c:/users/baothuan/stm32cubeide_1.12.1/stm32cubeide/plugins/com.st.stm32cube.ide.mcu.externaltools.gnu-tools-for-stm32.10.3-2021.10.win32_1.0.200.202301161003/tools/bin/../lib/gcc/arm-none-eabi/10.3.1/../../../../arm-none-eabi/lib/thumb/v7-m/nofp\libc_nano.a(lib_a-lock.o)
                0x0000000008009e38                __retarget_lock_acquire_recursive
 .text.__retarget_lock_release_recursive
                0x0000000008009e3a        0x2 c:/users/baothuan/stm32cubeide_1.12.1/stm32cubeide/plugins/com.st.stm32cube.ide.mcu.externaltools.gnu-tools-for-stm32.10.3-2021.10.win32_1.0.200.202301161003/tools/bin/../lib/gcc/arm-none-eabi/10.3.1/../../../../arm-none-eabi/lib/thumb/v7-m/nofp\libc_nano.a(lib_a-lock.o)
                0x0000000008009e3a                __retarget_lock_release_recursive
 .text.__swhatbuf_r
                0x0000000008009e3c       0x4a c:/users/baothuan/stm32cubeide_1.12.1/stm32cubeide/plugins/com.st.stm32cube.ide.mcu.externaltools.gnu-tools-for-stm32.10.3-2021.10.win32_1.0.200.202301161003/tools/bin/../lib/gcc/arm-none-eabi/10.3.1/../../../../arm-none-eabi/lib/thumb/v7-m/nofp\libc_nano.a(lib_a-makebuf.o)
                0x0000000008009e3c                __swhatbuf_r
 *fill*         0x0000000008009e86        0x2 
 .text.__smakebuf_r
                0x0000000008009e88       0x80 c:/users/baothuan/stm32cubeide_1.12.1/stm32cubeide/plugins/com.st.stm32cube.ide.mcu.externaltools.gnu-tools-for-stm32.10.3-2021.10.win32_1.0.200.202301161003/tools/bin/../lib/gcc/arm-none-eabi/10.3.1/../../../../arm-none-eabi/lib/thumb/v7-m/nofp\libc_nano.a(lib_a-makebuf.o)
                0x0000000008009e88                __smakebuf_r
 .text.__ascii_mbtowc
                0x0000000008009f08       0x24 c:/users/baothuan/stm32cubeide_1.12.1/stm32cubeide/plugins/com.st.stm32cube.ide.mcu.externaltools.gnu-tools-for-stm32.10.3-2021.10.win32_1.0.200.202301161003/tools/bin/../lib/gcc/arm-none-eabi/10.3.1/../../../../arm-none-eabi/lib/thumb/v7-m/nofp\libc_nano.a(lib_a-mbtowc_r.o)
                0x0000000008009f08                __ascii_mbtowc
 .text.memmove  0x0000000008009f2c       0x34 c:/users/baothuan/stm32cubeide_1.12.1/stm32cubeide/plugins/com.st.stm32cube.ide.mcu.externaltools.gnu-tools-for-stm32.10.3-2021.10.win32_1.0.200.202301161003/tools/bin/../lib/gcc/arm-none-eabi/10.3.1/../../../../arm-none-eabi/lib/thumb/v7-m/nofp\libc_nano.a(lib_a-memmove.o)
                0x0000000008009f2c                memmove
 .text.__malloc_lock
                0x0000000008009f60        0xc c:/users/baothuan/stm32cubeide_1.12.1/stm32cubeide/plugins/com.st.stm32cube.ide.mcu.externaltools.gnu-tools-for-stm32.10.3-2021.10.win32_1.0.200.202301161003/tools/bin/../lib/gcc/arm-none-eabi/10.3.1/../../../../arm-none-eabi/lib/thumb/v7-m/nofp\libc_nano.a(lib_a-mlock.o)
                0x0000000008009f60                __malloc_lock
 .text.__malloc_unlock
                0x0000000008009f6c        0xc c:/users/baothuan/stm32cubeide_1.12.1/stm32cubeide/plugins/com.st.stm32cube.ide.mcu.externaltools.gnu-tools-for-stm32.10.3-2021.10.win32_1.0.200.202301161003/tools/bin/../lib/gcc/arm-none-eabi/10.3.1/../../../../arm-none-eabi/lib/thumb/v7-m/nofp\libc_nano.a(lib_a-mlock.o)
                0x0000000008009f6c                __malloc_unlock
 .text._realloc_r
                0x0000000008009f78       0x5e c:/users/baothuan/stm32cubeide_1.12.1/stm32cubeide/plugins/com.st.stm32cube.ide.mcu.externaltools.gnu-tools-for-stm32.10.3-2021.10.win32_1.0.200.202301161003/tools/bin/../lib/gcc/arm-none-eabi/10.3.1/../../../../arm-none-eabi/lib/thumb/v7-m/nofp\libc_nano.a(lib_a-nano-reallocr.o)
                0x0000000008009f78                _realloc_r
 .text._raise_r
                0x0000000008009fd6       0x50 c:/users/baothuan/stm32cubeide_1.12.1/stm32cubeide/plugins/com.st.stm32cube.ide.mcu.externaltools.gnu-tools-for-stm32.10.3-2021.10.win32_1.0.200.202301161003/tools/bin/../lib/gcc/arm-none-eabi/10.3.1/../../../../arm-none-eabi/lib/thumb/v7-m/nofp\libc_nano.a(lib_a-signal.o)
                0x0000000008009fd6                _raise_r
 *fill*         0x000000000800a026        0x2 
 .text.raise    0x000000000800a028       0x10 c:/users/baothuan/stm32cubeide_1.12.1/stm32cubeide/plugins/com.st.stm32cube.ide.mcu.externaltools.gnu-tools-for-stm32.10.3-2021.10.win32_1.0.200.202301161003/tools/bin/../lib/gcc/arm-none-eabi/10.3.1/../../../../arm-none-eabi/lib/thumb/v7-m/nofp\libc_nano.a(lib_a-signal.o)
                0x000000000800a028                raise
 .text._kill_r  0x000000000800a038       0x24 c:/users/baothuan/stm32cubeide_1.12.1/stm32cubeide/plugins/com.st.stm32cube.ide.mcu.externaltools.gnu-tools-for-stm32.10.3-2021.10.win32_1.0.200.202301161003/tools/bin/../lib/gcc/arm-none-eabi/10.3.1/../../../../arm-none-eabi/lib/thumb/v7-m/nofp\libc_nano.a(lib_a-signalr.o)
                0x000000000800a038                _kill_r
 .text._getpid_r
                0x000000000800a05c        0x4 c:/users/baothuan/stm32cubeide_1.12.1/stm32cubeide/plugins/com.st.stm32cube.ide.mcu.externaltools.gnu-tools-for-stm32.10.3-2021.10.win32_1.0.200.202301161003/tools/bin/../lib/gcc/arm-none-eabi/10.3.1/../../../../arm-none-eabi/lib/thumb/v7-m/nofp\libc_nano.a(lib_a-signalr.o)
                0x000000000800a05c                _getpid_r
 .text.__sread  0x000000000800a060       0x22 c:/users/baothuan/stm32cubeide_1.12.1/stm32cubeide/plugins/com.st.stm32cube.ide.mcu.externaltools.gnu-tools-for-stm32.10.3-2021.10.win32_1.0.200.202301161003/tools/bin/../lib/gcc/arm-none-eabi/10.3.1/../../../../arm-none-eabi/lib/thumb/v7-m/nofp\libc_nano.a(lib_a-stdio.o)
                0x000000000800a060                __sread
 .text.__swrite
                0x000000000800a082       0x38 c:/users/baothuan/stm32cubeide_1.12.1/stm32cubeide/plugins/com.st.stm32cube.ide.mcu.externaltools.gnu-tools-for-stm32.10.3-2021.10.win32_1.0.200.202301161003/tools/bin/../lib/gcc/arm-none-eabi/10.3.1/../../../../arm-none-eabi/lib/thumb/v7-m/nofp\libc_nano.a(lib_a-stdio.o)
                0x000000000800a082                __swrite
 .text.__sseek  0x000000000800a0ba       0x24 c:/users/baothuan/stm32cubeide_1.12.1/stm32cubeide/plugins/com.st.stm32cube.ide.mcu.externaltools.gnu-tools-for-stm32.10.3-2021.10.win32_1.0.200.202301161003/tools/bin/../lib/gcc/arm-none-eabi/10.3.1/../../../../arm-none-eabi/lib/thumb/v7-m/nofp\libc_nano.a(lib_a-stdio.o)
                0x000000000800a0ba                __sseek
 .text.__sclose
                0x000000000800a0de        0x8 c:/users/baothuan/stm32cubeide_1.12.1/stm32cubeide/plugins/com.st.stm32cube.ide.mcu.externaltools.gnu-tools-for-stm32.10.3-2021.10.win32_1.0.200.202301161003/tools/bin/../lib/gcc/arm-none-eabi/10.3.1/../../../../arm-none-eabi/lib/thumb/v7-m/nofp\libc_nano.a(lib_a-stdio.o)
                0x000000000800a0de                __sclose
 .text.__ascii_wctomb
                0x000000000800a0e6       0x1a c:/users/baothuan/stm32cubeide_1.12.1/stm32cubeide/plugins/com.st.stm32cube.ide.mcu.externaltools.gnu-tools-for-stm32.10.3-2021.10.win32_1.0.200.202301161003/tools/bin/../lib/gcc/arm-none-eabi/10.3.1/../../../../arm-none-eabi/lib/thumb/v7-m/nofp\libc_nano.a(lib_a-wctomb_r.o)
                0x000000000800a0e6                __ascii_wctomb
 .text._write_r
                0x000000000800a100       0x24 c:/users/baothuan/stm32cubeide_1.12.1/stm32cubeide/plugins/com.st.stm32cube.ide.mcu.externaltools.gnu-tools-for-stm32.10.3-2021.10.win32_1.0.200.202301161003/tools/bin/../lib/gcc/arm-none-eabi/10.3.1/../../../../arm-none-eabi/lib/thumb/v7-m/nofp\libc_nano.a(lib_a-writer.o)
                0x000000000800a100                _write_r
 .text._close_r
                0x000000000800a124       0x20 c:/users/baothuan/stm32cubeide_1.12.1/stm32cubeide/plugins/com.st.stm32cube.ide.mcu.externaltools.gnu-tools-for-stm32.10.3-2021.10.win32_1.0.200.202301161003/tools/bin/../lib/gcc/arm-none-eabi/10.3.1/../../../../arm-none-eabi/lib/thumb/v7-m/nofp\libc_nano.a(lib_a-closer.o)
                0x000000000800a124                _close_r
 .text._fstat_r
                0x000000000800a144       0x24 c:/users/baothuan/stm32cubeide_1.12.1/stm32cubeide/plugins/com.st.stm32cube.ide.mcu.externaltools.gnu-tools-for-stm32.10.3-2021.10.win32_1.0.200.202301161003/tools/bin/../lib/gcc/arm-none-eabi/10.3.1/../../../../arm-none-eabi/lib/thumb/v7-m/nofp\libc_nano.a(lib_a-fstatr.o)
                0x000000000800a144                _fstat_r
 .text._isatty_r
                0x000000000800a168       0x20 c:/users/baothuan/stm32cubeide_1.12.1/stm32cubeide/plugins/com.st.stm32cube.ide.mcu.externaltools.gnu-tools-for-stm32.10.3-2021.10.win32_1.0.200.202301161003/tools/bin/../lib/gcc/arm-none-eabi/10.3.1/../../../../arm-none-eabi/lib/thumb/v7-m/nofp\libc_nano.a(lib_a-isattyr.o)
                0x000000000800a168                _isatty_r
 .text._lseek_r
                0x000000000800a188       0x24 c:/users/baothuan/stm32cubeide_1.12.1/stm32cubeide/plugins/com.st.stm32cube.ide.mcu.externaltools.gnu-tools-for-stm32.10.3-2021.10.win32_1.0.200.202301161003/tools/bin/../lib/gcc/arm-none-eabi/10.3.1/../../../../arm-none-eabi/lib/thumb/v7-m/nofp\libc_nano.a(lib_a-lseekr.o)
                0x000000000800a188                _lseek_r
 .text._malloc_usable_size_r
                0x000000000800a1ac       0x10 c:/users/baothuan/stm32cubeide_1.12.1/stm32cubeide/plugins/com.st.stm32cube.ide.mcu.externaltools.gnu-tools-for-stm32.10.3-2021.10.win32_1.0.200.202301161003/tools/bin/../lib/gcc/arm-none-eabi/10.3.1/../../../../arm-none-eabi/lib/thumb/v7-m/nofp\libc_nano.a(lib_a-nano-msizer.o)
                0x000000000800a1ac                _malloc_usable_size_r
 .text._read_r  0x000000000800a1bc       0x24 c:/users/baothuan/stm32cubeide_1.12.1/stm32cubeide/plugins/com.st.stm32cube.ide.mcu.externaltools.gnu-tools-for-stm32.10.3-2021.10.win32_1.0.200.202301161003/tools/bin/../lib/gcc/arm-none-eabi/10.3.1/../../../../arm-none-eabi/lib/thumb/v7-m/nofp\libc_nano.a(lib_a-readr.o)
                0x000000000800a1bc                _read_r
 *(.glue_7)
 .glue_7        0x000000000800a1e0        0x0 linker stubs
 *(.glue_7t)
 .glue_7t       0x000000000800a1e0        0x0 linker stubs
 *(.eh_frame)
 .eh_frame      0x000000000800a1e0        0x0 c:/users/baothuan/stm32cubeide_1.12.1/stm32cubeide/plugins/com.st.stm32cube.ide.mcu.externaltools.gnu-tools-for-stm32.10.3-2021.10.win32_1.0.200.202301161003/tools/bin/../lib/gcc/arm-none-eabi/10.3.1/thumb/v7-m/nofp/crtbegin.o
 *(.init)
 .init          0x000000000800a1e0        0x4 c:/users/baothuan/stm32cubeide_1.12.1/stm32cubeide/plugins/com.st.stm32cube.ide.mcu.externaltools.gnu-tools-for-stm32.10.3-2021.10.win32_1.0.200.202301161003/tools/bin/../lib/gcc/arm-none-eabi/10.3.1/thumb/v7-m/nofp/crti.o
                0x000000000800a1e0                _init
 .init          0x000000000800a1e4        0x8 c:/users/baothuan/stm32cubeide_1.12.1/stm32cubeide/plugins/com.st.stm32cube.ide.mcu.externaltools.gnu-tools-for-stm32.10.3-2021.10.win32_1.0.200.202301161003/tools/bin/../lib/gcc/arm-none-eabi/10.3.1/thumb/v7-m/nofp/crtn.o
 *(.fini)
 .fini          0x000000000800a1ec        0x4 c:/users/baothuan/stm32cubeide_1.12.1/stm32cubeide/plugins/com.st.stm32cube.ide.mcu.externaltools.gnu-tools-for-stm32.10.3-2021.10.win32_1.0.200.202301161003/tools/bin/../lib/gcc/arm-none-eabi/10.3.1/thumb/v7-m/nofp/crti.o
                0x000000000800a1ec                _fini
 .fini          0x000000000800a1f0        0x8 c:/users/baothuan/stm32cubeide_1.12.1/stm32cubeide/plugins/com.st.stm32cube.ide.mcu.externaltools.gnu-tools-for-stm32.10.3-2021.10.win32_1.0.200.202301161003/tools/bin/../lib/gcc/arm-none-eabi/10.3.1/thumb/v7-m/nofp/crtn.o
                0x000000000800a1f8                . = ALIGN (0x4)
                0x000000000800a1f8                _etext = .

.vfp11_veneer   0x000000000800a1f8        0x0
 .vfp11_veneer  0x000000000800a1f8        0x0 linker stubs

.v4_bx          0x000000000800a1f8        0x0
 .v4_bx         0x000000000800a1f8        0x0 linker stubs

.iplt           0x000000000800a1f8        0x0
 .iplt          0x000000000800a1f8        0x0 c:/users/baothuan/stm32cubeide_1.12.1/stm32cubeide/plugins/com.st.stm32cube.ide.mcu.externaltools.gnu-tools-for-stm32.10.3-2021.10.win32_1.0.200.202301161003/tools/bin/../lib/gcc/arm-none-eabi/10.3.1/thumb/v7-m/nofp/crtbegin.o

.rodata         0x000000000800a1f8      0x5f4
                0x000000000800a1f8                . = ALIGN (0x4)
 *(.rodata)
 .rodata        0x000000000800a1f8       0x26 ./application/Lib_Sensor.o
 *fill*         0x000000000800a21e        0x2 
 .rodata        0x000000000800a220      0x14d ./application/lib_uart.o
 *(.rodata*)
 *fill*         0x000000000800a36d        0x3 
 .rodata.AHBPrescTable
                0x000000000800a370       0x10 ./Core/Src/system_stm32f1xx.o
                0x000000000800a370                AHBPrescTable
 .rodata.APBPrescTable
                0x000000000800a380        0x8 ./Core/Src/system_stm32f1xx.o
                0x000000000800a380                APBPrescTable
 .rodata.aPLLMULFactorTable.1
                0x000000000800a388       0x10 ./Drivers/STM32F1xx_HAL_Driver/Src/stm32f1xx_hal_rcc.o
 .rodata.aPredivFactorTable.0
                0x000000000800a398        0x2 ./Drivers/STM32F1xx_HAL_Driver/Src/stm32f1xx_hal_rcc.o
 *fill*         0x000000000800a39a        0x2 
 .rodata.aPLLMULFactorTable.1
                0x000000000800a39c       0x10 ./Drivers/STM32F1xx_HAL_Driver/Src/stm32f1xx_hal_rcc_ex.o
 .rodata.aPredivFactorTable.0
                0x000000000800a3ac        0x2 ./Drivers/STM32F1xx_HAL_Driver/Src/stm32f1xx_hal_rcc_ex.o
 *fill*         0x000000000800a3ae        0x2 
 .rodata._global_impure_ptr
                0x000000000800a3b0        0x4 c:/users/baothuan/stm32cubeide_1.12.1/stm32cubeide/plugins/com.st.stm32cube.ide.mcu.externaltools.gnu-tools-for-stm32.10.3-2021.10.win32_1.0.200.202301161003/tools/bin/../lib/gcc/arm-none-eabi/10.3.1/../../../../arm-none-eabi/lib/thumb/v7-m/nofp\libc_nano.a(lib_a-impure.o)
                0x000000000800a3b0                _global_impure_ptr
 .rodata._printf_float.str1.1
                0x000000000800a3b4       0x12 c:/users/baothuan/stm32cubeide_1.12.1/stm32cubeide/plugins/com.st.stm32cube.ide.mcu.externaltools.gnu-tools-for-stm32.10.3-2021.10.win32_1.0.200.202301161003/tools/bin/../lib/gcc/arm-none-eabi/10.3.1/../../../../arm-none-eabi/lib/thumb/v7-m/nofp\libc_nano.a(lib_a-nano-vfprintf_float.o)
 .rodata._printf_i.str1.1
                0x000000000800a3c6       0x22 c:/users/baothuan/stm32cubeide_1.12.1/stm32cubeide/plugins/com.st.stm32cube.ide.mcu.externaltools.gnu-tools-for-stm32.10.3-2021.10.win32_1.0.200.202301161003/tools/bin/../lib/gcc/arm-none-eabi/10.3.1/../../../../arm-none-eabi/lib/thumb/v7-m/nofp\libc_nano.a(lib_a-nano-vfprintf_i.o)
 .rodata.strtok.str1.1
                0x000000000800a3e8       0x74 c:/users/baothuan/stm32cubeide_1.12.1/stm32cubeide/plugins/com.st.stm32cube.ide.mcu.externaltools.gnu-tools-for-stm32.10.3-2021.10.win32_1.0.200.202301161003/tools/bin/../lib/gcc/arm-none-eabi/10.3.1/../../../../arm-none-eabi/lib/thumb/v7-m/nofp\libc_nano.a(lib_a-strtok.o)
 .rodata.__assert_func.str1.1
                0x000000000800a45c       0x3c c:/users/baothuan/stm32cubeide_1.12.1/stm32cubeide/plugins/com.st.stm32cube.ide.mcu.externaltools.gnu-tools-for-stm32.10.3-2021.10.win32_1.0.200.202301161003/tools/bin/../lib/gcc/arm-none-eabi/10.3.1/../../../../arm-none-eabi/lib/thumb/v7-m/nofp\libc_nano.a(lib_a-assert.o)
                                         0x3d (size before relaxing)
 .rodata._dtoa_r.str1.1
                0x000000000800a498       0x79 c:/users/baothuan/stm32cubeide_1.12.1/stm32cubeide/plugins/com.st.stm32cube.ide.mcu.externaltools.gnu-tools-for-stm32.10.3-2021.10.win32_1.0.200.202301161003/tools/bin/../lib/gcc/arm-none-eabi/10.3.1/../../../../arm-none-eabi/lib/thumb/v7-m/nofp\libc_nano.a(lib_a-dtoa.o)
                                         0x92 (size before relaxing)
 .rodata._Balloc.str1.1
                0x000000000800a511       0x5c c:/users/baothuan/stm32cubeide_1.12.1/stm32cubeide/plugins/com.st.stm32cube.ide.mcu.externaltools.gnu-tools-for-stm32.10.3-2021.10.win32_1.0.200.202301161003/tools/bin/../lib/gcc/arm-none-eabi/10.3.1/../../../../arm-none-eabi/lib/thumb/v7-m/nofp\libc_nano.a(lib_a-mprec.o)
                                         0x73 (size before relaxing)
 .rodata.__multadd.str1.1
                0x000000000800a56d       0x11 c:/users/baothuan/stm32cubeide_1.12.1/stm32cubeide/plugins/com.st.stm32cube.ide.mcu.externaltools.gnu-tools-for-stm32.10.3-2021.10.win32_1.0.200.202301161003/tools/bin/../lib/gcc/arm-none-eabi/10.3.1/../../../../arm-none-eabi/lib/thumb/v7-m/nofp\libc_nano.a(lib_a-mprec.o)
 *fill*         0x000000000800a56d        0x3 
 .rodata.__mprec_bigtens
                0x000000000800a570       0x28 c:/users/baothuan/stm32cubeide_1.12.1/stm32cubeide/plugins/com.st.stm32cube.ide.mcu.externaltools.gnu-tools-for-stm32.10.3-2021.10.win32_1.0.200.202301161003/tools/bin/../lib/gcc/arm-none-eabi/10.3.1/../../../../arm-none-eabi/lib/thumb/v7-m/nofp\libc_nano.a(lib_a-mprec.o)
                0x000000000800a570                __mprec_bigtens
 .rodata.__mprec_tens
                0x000000000800a598       0xc8 c:/users/baothuan/stm32cubeide_1.12.1/stm32cubeide/plugins/com.st.stm32cube.ide.mcu.externaltools.gnu-tools-for-stm32.10.3-2021.10.win32_1.0.200.202301161003/tools/bin/../lib/gcc/arm-none-eabi/10.3.1/../../../../arm-none-eabi/lib/thumb/v7-m/nofp\libc_nano.a(lib_a-mprec.o)
                0x000000000800a598                __mprec_tens
 .rodata.p05.0  0x000000000800a660        0xc c:/users/baothuan/stm32cubeide_1.12.1/stm32cubeide/plugins/com.st.stm32cube.ide.mcu.externaltools.gnu-tools-for-stm32.10.3-2021.10.win32_1.0.200.202301161003/tools/bin/../lib/gcc/arm-none-eabi/10.3.1/../../../../arm-none-eabi/lib/thumb/v7-m/nofp\libc_nano.a(lib_a-mprec.o)
 .rodata._svfprintf_r.str1.1
                0x000000000800a66c       0x11 c:/users/baothuan/stm32cubeide_1.12.1/stm32cubeide/plugins/com.st.stm32cube.ide.mcu.externaltools.gnu-tools-for-stm32.10.3-2021.10.win32_1.0.200.202301161003/tools/bin/../lib/gcc/arm-none-eabi/10.3.1/../../../../arm-none-eabi/lib/thumb/v7-m/nofp\libc_nano.a(lib_a-nano-svfprintf.o)
 .rodata._vfprintf_r.str1.1
                0x000000000800a67d       0x11 c:/users/baothuan/stm32cubeide_1.12.1/stm32cubeide/plugins/com.st.stm32cube.ide.mcu.externaltools.gnu-tools-for-stm32.10.3-2021.10.win32_1.0.200.202301161003/tools/bin/../lib/gcc/arm-none-eabi/10.3.1/../../../../arm-none-eabi/lib/thumb/v7-m/nofp\libc_nano.a(lib_a-nano-vfprintf.o)
 *fill*         0x000000000800a67d        0x3 
 .rodata.__sf_fake_stderr
                0x000000000800a680       0x20 c:/users/baothuan/stm32cubeide_1.12.1/stm32cubeide/plugins/com.st.stm32cube.ide.mcu.externaltools.gnu-tools-for-stm32.10.3-2021.10.win32_1.0.200.202301161003/tools/bin/../lib/gcc/arm-none-eabi/10.3.1/../../../../arm-none-eabi/lib/thumb/v7-m/nofp\libc_nano.a(lib_a-findfp.o)
                0x000000000800a680                __sf_fake_stderr
 .rodata.__sf_fake_stdin
                0x000000000800a6a0       0x20 c:/users/baothuan/stm32cubeide_1.12.1/stm32cubeide/plugins/com.st.stm32cube.ide.mcu.externaltools.gnu-tools-for-stm32.10.3-2021.10.win32_1.0.200.202301161003/tools/bin/../lib/gcc/arm-none-eabi/10.3.1/../../../../arm-none-eabi/lib/thumb/v7-m/nofp\libc_nano.a(lib_a-findfp.o)
                0x000000000800a6a0                __sf_fake_stdin
 .rodata.__sf_fake_stdout
                0x000000000800a6c0       0x20 c:/users/baothuan/stm32cubeide_1.12.1/stm32cubeide/plugins/com.st.stm32cube.ide.mcu.externaltools.gnu-tools-for-stm32.10.3-2021.10.win32_1.0.200.202301161003/tools/bin/../lib/gcc/arm-none-eabi/10.3.1/../../../../arm-none-eabi/lib/thumb/v7-m/nofp\libc_nano.a(lib_a-findfp.o)
                0x000000000800a6c0                __sf_fake_stdout
 .rodata._setlocale_r.str1.1
                0x000000000800a6e0        0x8 c:/users/baothuan/stm32cubeide_1.12.1/stm32cubeide/plugins/com.st.stm32cube.ide.mcu.externaltools.gnu-tools-for-stm32.10.3-2021.10.win32_1.0.200.202301161003/tools/bin/../lib/gcc/arm-none-eabi/10.3.1/../../../../arm-none-eabi/lib/thumb/v7-m/nofp\libc_nano.a(lib_a-locale.o)
                                          0x9 (size before relaxing)
 .rodata.str1.1
                0x000000000800a6e8        0x2 c:/users/baothuan/stm32cubeide_1.12.1/stm32cubeide/plugins/com.st.stm32cube.ide.mcu.externaltools.gnu-tools-for-stm32.10.3-2021.10.win32_1.0.200.202301161003/tools/bin/../lib/gcc/arm-none-eabi/10.3.1/../../../../arm-none-eabi/lib/thumb/v7-m/nofp\libc_nano.a(lib_a-locale.o)
 .rodata._ctype_
                0x000000000800a6ea      0x101 c:/users/baothuan/stm32cubeide_1.12.1/stm32cubeide/plugins/com.st.stm32cube.ide.mcu.externaltools.gnu-tools-for-stm32.10.3-2021.10.win32_1.0.200.202301161003/tools/bin/../lib/gcc/arm-none-eabi/10.3.1/../../../../arm-none-eabi/lib/thumb/v7-m/nofp\libc_nano.a(lib_a-ctype_.o)
                0x000000000800a6ea                _ctype_
                0x000000000800a7ec                . = ALIGN (0x4)
 *fill*         0x000000000800a7eb        0x1 

.rel.dyn        0x000000000800a7ec        0x0
 .rel.iplt      0x000000000800a7ec        0x0 c:/users/baothuan/stm32cubeide_1.12.1/stm32cubeide/plugins/com.st.stm32cube.ide.mcu.externaltools.gnu-tools-for-stm32.10.3-2021.10.win32_1.0.200.202301161003/tools/bin/../lib/gcc/arm-none-eabi/10.3.1/thumb/v7-m/nofp/crtbegin.o

.ARM.extab      0x000000000800a7ec        0x0
                0x000000000800a7ec                . = ALIGN (0x4)
 *(.ARM.extab* .gnu.linkonce.armextab.*)
                0x000000000800a7ec                . = ALIGN (0x4)

.ARM            0x000000000800a7ec        0x0
                0x000000000800a7ec                . = ALIGN (0x4)
                0x000000000800a7ec                __exidx_start = .
 *(.ARM.exidx*)
                0x000000000800a7ec                __exidx_end = .
                0x000000000800a7ec                . = ALIGN (0x4)

.preinit_array  0x000000000800a7ec        0x0
                0x000000000800a7ec                . = ALIGN (0x4)
                0x000000000800a7ec                PROVIDE (__preinit_array_start = .)
 *(.preinit_array*)
                0x000000000800a7ec                PROVIDE (__preinit_array_end = .)
                0x000000000800a7ec                . = ALIGN (0x4)

.init_array     0x000000000800a7ec        0x4
                0x000000000800a7ec                . = ALIGN (0x4)
                0x000000000800a7ec                PROVIDE (__init_array_start = .)
 *(SORT_BY_NAME(.init_array.*))
 *(.init_array*)
 .init_array    0x000000000800a7ec        0x4 c:/users/baothuan/stm32cubeide_1.12.1/stm32cubeide/plugins/com.st.stm32cube.ide.mcu.externaltools.gnu-tools-for-stm32.10.3-2021.10.win32_1.0.200.202301161003/tools/bin/../lib/gcc/arm-none-eabi/10.3.1/thumb/v7-m/nofp/crtbegin.o
                0x000000000800a7f0                PROVIDE (__init_array_end = .)
                0x000000000800a7f0                . = ALIGN (0x4)

.fini_array     0x000000000800a7f0        0x4
                0x000000000800a7f0                . = ALIGN (0x4)
                [!provide]                        PROVIDE (__fini_array_start = .)
 *(SORT_BY_NAME(.fini_array.*))
 *(.fini_array*)
 .fini_array    0x000000000800a7f0        0x4 c:/users/baothuan/stm32cubeide_1.12.1/stm32cubeide/plugins/com.st.stm32cube.ide.mcu.externaltools.gnu-tools-for-stm32.10.3-2021.10.win32_1.0.200.202301161003/tools/bin/../lib/gcc/arm-none-eabi/10.3.1/thumb/v7-m/nofp/crtbegin.o
                [!provide]                        PROVIDE (__fini_array_end = .)
                0x000000000800a7f4                . = ALIGN (0x4)
                0x000000000800a7f4                _sidata = LOADADDR (.data)

.data           0x0000000020000000      0x23c load address 0x000000000800a7f4
                0x0000000020000000                . = ALIGN (0x4)
                0x0000000020000000                _sdata = .
 *(.data)
 *(.data*)
 .data.threshold_main_def
                0x0000000020000000        0xe ./Core/Src/main.o
                0x0000000020000000                threshold_main_def
 .data.en_state_robot
                0x000000002000000e        0x1 ./Core/Src/main.o
                0x000000002000000e                en_state_robot
 *fill*         0x000000002000000f        0x1 
 .data.SystemCoreClock
                0x0000000020000010        0x4 ./Core/Src/system_stm32f1xx.o
                0x0000000020000010                SystemCoreClock
 .data.uwTickPrio
                0x0000000020000014        0x4 ./Drivers/STM32F1xx_HAL_Driver/Src/stm32f1xx_hal.o
                0x0000000020000014                uwTickPrio
 .data.uwTickFreq
                0x0000000020000018        0x1 ./Drivers/STM32F1xx_HAL_Driver/Src/stm32f1xx_hal.o
                0x0000000020000018                uwTickFreq
 .data.basespeedr
                0x0000000020000019        0x1 ./application/Lib_Controller.o
                0x0000000020000019                basespeedr
 .data.basespeedl
                0x000000002000001a        0x1 ./application/Lib_Controller.o
                0x000000002000001a                basespeedl
 .data.maxspeedr
                0x000000002000001b        0x1 ./application/Lib_Controller.o
                0x000000002000001b                maxspeedr
 .data.maxspeedl
                0x000000002000001c        0x1 ./application/Lib_Controller.o
                0x000000002000001c                maxspeedl
 .data.last_end
                0x000000002000001d        0x1 ./application/Lib_Sensor.o
                0x000000002000001d                last_end
 .data.quick_speed_right
                0x000000002000001e        0x1 ./application/lib_motor.o
                0x000000002000001e                quick_speed_right
 .data.quick_speed_left
                0x000000002000001f        0x1 ./application/lib_motor.o
                0x000000002000001f                quick_speed_left
 .data.kx       0x0000000020000020        0xc ./application/lib_uart.o
                0x0000000020000020                kx
 .data.confirmStart
                0x000000002000002c        0x4 ./application/lib_uart.o
 .data.confirmStop
                0x0000000020000030        0x4 ./application/lib_uart.o
 .data.confirmThreshold
                0x0000000020000034        0x4 ./application/lib_uart.o
 .data.confirmStartMotor
                0x0000000020000038        0x4 ./application/lib_uart.o
 .data.confirmPower
                0x000000002000003c        0x4 ./application/lib_uart.o
 .data.confirmKp
                0x0000000020000040        0x4 ./application/lib_uart.o
 .data.confirmKi
                0x0000000020000044        0x4 ./application/lib_uart.o
 .data.confirmKd
                0x0000000020000048        0x4 ./application/lib_uart.o
 .data.changeLine
                0x000000002000004c        0x4 ./application/lib_uart.o
 .data.confirmBaseSpeedR
                0x0000000020000050        0x4 ./application/lib_uart.o
 .data.confirmBaseSpeedL
                0x0000000020000054        0x4 ./application/lib_uart.o
 .data.confirmMaxSpeedRight
                0x0000000020000058        0x4 ./application/lib_uart.o
 .data.confirmMaxSpeedLeft
                0x000000002000005c        0x4 ./application/lib_uart.o
 .data.confirm_motor_quick_right
                0x0000000020000060        0x4 ./application/lib_uart.o
 .data.confirm_motor_quick_left
                0x0000000020000064        0x4 ./application/lib_uart.o
 .data.State_Robot
                0x0000000020000068        0x1 ./application/lib_uart.o
                0x0000000020000068                State_Robot
 *fill*         0x0000000020000069        0x3 
 .data._impure_ptr
                0x000000002000006c        0x4 c:/users/baothuan/stm32cubeide_1.12.1/stm32cubeide/plugins/com.st.stm32cube.ide.mcu.externaltools.gnu-tools-for-stm32.10.3-2021.10.win32_1.0.200.202301161003/tools/bin/../lib/gcc/arm-none-eabi/10.3.1/../../../../arm-none-eabi/lib/thumb/v7-m/nofp\libc_nano.a(lib_a-impure.o)
                0x000000002000006c                _impure_ptr
 .data.impure_data
                0x0000000020000070       0x60 c:/users/baothuan/stm32cubeide_1.12.1/stm32cubeide/plugins/com.st.stm32cube.ide.mcu.externaltools.gnu-tools-for-stm32.10.3-2021.10.win32_1.0.200.202301161003/tools/bin/../lib/gcc/arm-none-eabi/10.3.1/../../../../arm-none-eabi/lib/thumb/v7-m/nofp\libc_nano.a(lib_a-impure.o)
 .data.__global_locale
                0x00000000200000d0      0x16c c:/users/baothuan/stm32cubeide_1.12.1/stm32cubeide/plugins/com.st.stm32cube.ide.mcu.externaltools.gnu-tools-for-stm32.10.3-2021.10.win32_1.0.200.202301161003/tools/bin/../lib/gcc/arm-none-eabi/10.3.1/../../../../arm-none-eabi/lib/thumb/v7-m/nofp\libc_nano.a(lib_a-locale.o)
                0x00000000200000d0                __global_locale
 *(.RamFunc)
 *(.RamFunc*)
                0x000000002000023c                . = ALIGN (0x4)
                0x000000002000023c                _edata = .

.igot.plt       0x000000002000023c        0x0 load address 0x000000000800aa30
 .igot.plt      0x000000002000023c        0x0 c:/users/baothuan/stm32cubeide_1.12.1/stm32cubeide/plugins/com.st.stm32cube.ide.mcu.externaltools.gnu-tools-for-stm32.10.3-2021.10.win32_1.0.200.202301161003/tools/bin/../lib/gcc/arm-none-eabi/10.3.1/thumb/v7-m/nofp/crtbegin.o
                0x000000002000023c                . = ALIGN (0x4)

.bss            0x000000002000023c      0x2a8 load address 0x000000000800aa30
                0x000000002000023c                _sbss = .
                0x000000002000023c                __bss_start__ = _sbss
 *(.bss)