C:/Users/BaoThuan/OneDrive - The University of Technology/Desktop/PROJECT/GIT_Prj/0_Lib_RFL/application/Lib_Sensor.c:42:8:IC74HC4051_Init	12	static
C:/Users/BaoThuan/OneDrive - The University of Technology/Desktop/PROJECT/GIT_Prj/0_Lib_RFL/application/Lib_Sensor.c:52:8:IC74HC595_Init	24	static
C:/Users/BaoThuan/OneDrive - The University of Technology/Desktop/PROJECT/GIT_Prj/0_Lib_RFL/application/Lib_Sensor.c:63:16:IC74hc4051_BitRead	16	static
C:/Users/BaoThuan/OneDrive - The University of Technology/Desktop/PROJECT/GIT_Prj/0_Lib_RFL/application/Lib_Sensor.c:74:7:IC74hc4051_SelectChannel	24	static
C:/Users/BaoThuan/OneDrive - The University of Technology/Desktop/PROJECT/GIT_Prj/0_Lib_RFL/application/Lib_Sensor.c:82:12:IC74hc4051_Read_rawADC_1Chan	16	static
C:/Users/BaoThuan/OneDrive - The University of Technology/Desktop/PROJECT/GIT_Prj/0_Lib_RFL/application/Lib_Sensor.c:93:12:IC74hc4051_Read_rawADC_7Chan	16	static
C:/Users/BaoThuan/OneDrive - The University of Technology/Desktop/PROJECT/GIT_Prj/0_Lib_RFL/application/Lib_Sensor.c:108:7:IC74HC595	24	static
C:/Users/BaoThuan/OneDrive - The University of Technology/Desktop/PROJECT/GIT_Prj/0_Lib_RFL/application/Lib_Sensor.c:134:11:define_data	48	static,ignoring_inline_asm
C:/Users/BaoThuan/OneDrive - The University of Technology/Desktop/PROJECT/GIT_Prj/0_Lib_RFL/application/Lib_Sensor.c:385:13:Check_error	64	static
C:/Users/BaoThuan/OneDrive - The University of Technology/Desktop/PROJECT/GIT_Prj/0_Lib_RFL/application/Lib_Sensor.c:509:8:blink_led	24	static
