../Core/Src/main.c:86:6:HAL_UART_RxCpltCallback	24	static
../Core/Src/main.c:111:6:HAL_TIM_PeriodElapsedCallback	16	static
../Core/Src/main.c:141:5:main	72	static,ignoring_inline_asm
../Core/Src/main.c:239:6:SystemClock_Config	88	static
../Core/Src/main.c:286:13:MX_ADC1_Init	24	static
../Core/Src/main.c:333:13:MX_TIM1_Init	48	static
../Core/Src/main.c:392:13:MX_TIM2_Init	64	static
../Core/Src/main.c:455:13:MX_TIM4_Init	32	static
../Core/Src/main.c:500:13:MX_USART3_UART_Init	8	static
../Core/Src/main.c:533:13:MX_GPIO_Init	40	static
../Core/Src/main.c:579:6:Error_Handler	4	static,ignoring_inline_asm
