../Core/Src/main.c:101:6:HAL_UART_RxCpltCallback	24	static
../Core/Src/main.c:126:6:HAL_TIM_PeriodElapsedCallback	16	static
../Core/Src/main.c:156:5:main	72	static
../Core/Src/main.c:277:6:SystemClock_Config	88	static
../Core/Src/main.c:324:13:MX_ADC1_Init	24	static
../Core/Src/main.c:371:13:MX_TIM1_Init	48	static
../Core/Src/main.c:430:13:MX_TIM2_Init	64	static
../Core/Src/main.c:493:13:MX_TIM4_Init	32	static
../Core/Src/main.c:538:13:MX_USART3_UART_Init	8	static
../Core/Src/main.c:571:13:MX_GPIO_Init	40	static
../Core/Src/main.c:617:6:Error_Handler	4	static,ignoring_inline_asm
