21:15:37 **** Incremental Build of configuration Debug for project SourceCodeRFL ****
make -j8 all 
arm-none-eabi-gcc "../Core/Src/main.c" -mcpu=cortex-m3 -std=gnu11 -g3 -DDEBUG -DUSE_HAL_DRIVER -DSTM32F103xB -c -I../Core/Inc -I../Drivers/STM32F1xx_HAL_Driver/Inc/Legacy -I../Drivers/STM32F1xx_HAL_Driver/Inc -I../Drivers/CMSIS/Device/ST/STM32F1xx/Include -I../Drivers/CMSIS/Include -I"C:/Users/BaoThuan/OneDrive - The University of Technology/Desktop/PROJECT/GIT_Prj/0_Lib_RFL/application/include" -O0 -ffunction-sections -fdata-sections -Wall -fstack-usage -fcyclomatic-complexity -MMD -MP -MF"Core/Src/main.d" -MT"Core/Src/main.o" --specs=nano.specs -mfloat-abi=soft -mthumb -o "Core/Src/main.o"
arm-none-eabi-gcc -o "SourceCodeRFL.elf" @"objects.list"   -mcpu=cortex-m3 -T"C:\Users\BaoThuan\OneDrive - The University of Technology\Desktop\PROJECT\GIT_Prj\SourceCodeRFL\STM32F103C8TX_FLASH.ld" --specs=nosys.specs -Wl,-Map="SourceCodeRFL.map" -Wl,--gc-sections -static --specs=nano.specs -mfloat-abi=soft -mthumb -u _printf_float -Wl,--start-group -lc -lm -Wl,--end-group
Finished building target: SourceCodeRFL.elf
 
arm-none-eabi-size   SourceCodeRFL.elf 
arm-none-eabi-objdump -h -S  SourceCodeRFL.elf  > "SourceCodeRFL.list"
   text	   data	    bss	    dec	    hex	filename
  42984	    580	   2220	  45784	   b2d8	SourceCodeRFL.elf
Finished building: default.size.stdout
 
Finished building: SourceCodeRFL.list
 

21:15:39 Build Finished. 0 errors, 0 warnings. (took 1s.758ms)

